###############################################################################
#
# IAR ELF Linker V9.20.1.318/W64 for ARM                  05/Nov/2023  19:18:49
# Copyright 2007-2021 IAR Systems AB.
#
#    Output file  =
#        E:\平衡步兵\hero_to_balance\hero_to_balance2023.11.1
#        (3508电机)\EWARM\standard_robot\Exe\standard_robot.out
#    Map file     =
#        E:\平衡步兵\hero_to_balance\hero_to_balance2023.11.1
#        (3508电机)\EWARM\standard_robot\List\standard_robot.map
#    Command line =
#        -f "E:\平衡步兵\hero_to_balance\hero_to_balance2023.11.1
#        (3508电机)\EWARM\standard_robot\Exe\standard_robot.out.rsp"
#        ("E:\平衡步兵\hero_to_balance\hero_to_balance2023.11.1
#        (3508电机)\EWARM\standard_robot\Obj\Application\User\adc.o"
#        "E:\平衡步兵\hero_to_balance\hero_to_balance2023.11.1
#        (3508电机)\EWARM\standard_robot\Obj\Code\dispaly\ANO_DT.o"
#        "E:\平衡步兵\hero_to_balance\hero_to_balance2023.11.1
#        (3508电机)\EWARM\standard_robot\Obj\Code\IMU\BMI088driver.o"
#        "E:\平衡步兵\hero_to_balance\hero_to_balance2023.11.1
#        (3508电机)\EWARM\standard_robot\Obj\Code\IMU\BMI088Middleware.o"
#        "E:\平衡步兵\hero_to_balance\hero_to_balance2023.11.1
#        (3508电机)\EWARM\standard_robot\Obj\Bsp_board\bsp_adc.o"
#        "E:\平衡步兵\hero_to_balance\hero_to_balance2023.11.1
#        (3508电机)\EWARM\standard_robot\Obj\Bsp_board\bsp_buzzer.o"
#        "E:\平衡步兵\hero_to_balance\hero_to_balance2023.11.1
#        (3508电机)\EWARM\standard_robot\Obj\Bsp_board\bsp_can.o"
#        "E:\平衡步兵\hero_to_balance\hero_to_balance2023.11.1
#        (3508电机)\EWARM\standard_robot\Obj\Bsp_board\bsp_crc32.o"
#        "E:\平衡步兵\hero_to_balance\hero_to_balance2023.11.1
#        (3508电机)\EWARM\standard_robot\Obj\Bsp_board\bsp_delay.o"
#        "E:\平衡步兵\hero_to_balance\hero_to_balance2023.11.1
#        (3508电机)\EWARM\standard_robot\Obj\Bsp_board\bsp_dwt.o"
#        "E:\平衡步兵\hero_to_balance\hero_to_balance2023.11.1
#        (3508电机)\EWARM\standard_robot\Obj\Bsp_board\bsp_flash.o"
#        "E:\平衡步兵\hero_to_balance\hero_to_balance2023.11.1
#        (3508电机)\EWARM\standard_robot\Obj\Bsp_board\bsp_fric.o"
#        "E:\平衡步兵\hero_to_balance\hero_to_balance2023.11.1
#        (3508电机)\EWARM\standard_robot\Obj\Bsp_board\bsp_i2c.o"
#        "E:\平衡步兵\hero_to_balance\hero_to_balance2023.11.1
#        (3508电机)\EWARM\standard_robot\Obj\Bsp_board\bsp_imu_pwm.o"
#        "E:\平衡步兵\hero_to_balance\hero_to_balance2023.11.1
#        (3508电机)\EWARM\standard_robot\Obj\Bsp_board\bsp_laser.o"
#        "E:\平衡步兵\hero_to_balance\hero_to_balance2023.11.1
#        (3508电机)\EWARM\standard_robot\Obj\Bsp_board\bsp_led.o"
#        "E:\平衡步兵\hero_to_balance\hero_to_balance2023.11.1
#        (3508电机)\EWARM\standard_robot\Obj\Bsp_board\bsp_PWM.o"
#        "E:\平衡步兵\hero_to_balance\hero_to_balance2023.11.1
#        (3508电机)\EWARM\standard_robot\Obj\Bsp_board\bsp_rc.o"
#        "E:\平衡步兵\hero_to_balance\hero_to_balance2023.11.1
#        (3508电机)\EWARM\standard_robot\Obj\Bsp_board\bsp_rng.o"
#        "E:\平衡步兵\hero_to_balance\hero_to_balance2023.11.1
#        (3508电机)\EWARM\standard_robot\Obj\Bsp_board\bsp_servo_pwm.o"
#        "E:\平衡步兵\hero_to_balance\hero_to_balance2023.11.1
#        (3508电机)\EWARM\standard_robot\Obj\Bsp_board\bsp_spi.o"
#        "E:\平衡步兵\hero_to_balance\hero_to_balance2023.11.1
#        (3508电机)\EWARM\standard_robot\Obj\Bsp_board\bsp_usart.o"
#        "E:\平衡步兵\hero_to_balance\hero_to_balance2023.11.1
#        (3508电机)\EWARM\standard_robot\Obj\Application\User\can.o"
#        "E:\平衡步兵\hero_to_balance\hero_to_balance2023.11.1
#        (3508电机)\EWARM\standard_robot\Obj\Code\CAN_receive.o"
#        "E:\平衡步兵\hero_to_balance\hero_to_balance2023.11.1
#        (3508电机)\EWARM\standard_robot\Obj\Middlewares\FreeRTOS\cmsis_os.o"
#        "E:\平衡步兵\hero_to_balance\hero_to_balance2023.11.1
#        (3508电机)\EWARM\standard_robot\Obj\Application\User\crc.o"
#        "E:\平衡步兵\hero_to_balance\hero_to_balance2023.11.1
#        (3508电机)\EWARM\standard_robot\Obj\Code\refree\CRC8_CRC16.o"
#        "E:\平衡步兵\hero_to_balance\hero_to_balance2023.11.1
#        (3508电机)\EWARM\standard_robot\Obj\Middlewares\FreeRTOS\croutine.o"
#        "E:\平衡步兵\hero_to_balance\hero_to_balance2023.11.1
#        (3508电机)\EWARM\standard_robot\Obj\Code\detect_task.o"
#        "E:\平衡步兵\hero_to_balance\hero_to_balance2023.11.1
#        (3508电机)\EWARM\standard_robot\Obj\Application\User\dma.o"
#        "E:\平衡步兵\hero_to_balance\hero_to_balance2023.11.1
#        (3508电机)\EWARM\standard_robot\Obj\Middlewares\FreeRTOS\event_groups.o"
#        "E:\平衡步兵\hero_to_balance\hero_to_balance2023.11.1
#        (3508电机)\EWARM\standard_robot\Obj\Code\refree\fifo.o"
#        "E:\平衡步兵\hero_to_balance\hero_to_balance2023.11.1
#        (3508电机)\EWARM\standard_robot\Obj\Application\User\freertos.o"
#        "E:\平衡步兵\hero_to_balance\hero_to_balance2023.11.1
#        (3508电机)\EWARM\standard_robot\Obj\Application\User\gpio.o"
#        "E:\平衡步兵\hero_to_balance\hero_to_balance2023.11.1
#        (3508电机)\EWARM\standard_robot\Obj\Middlewares\FreeRTOS\heap_4.o"
#        "E:\平衡步兵\hero_to_balance\hero_to_balance2023.11.1
#        (3508电机)\EWARM\standard_robot\Obj\Application\User\i2c.o"
#        "E:\平衡步兵\hero_to_balance\hero_to_balance2023.11.1
#        (3508电机)\EWARM\standard_robot\Obj\Code\IMU\ins.o"
#        "E:\平衡步兵\hero_to_balance\hero_to_balance2023.11.1
#        (3508电机)\EWARM\standard_robot\Obj\Code\task\INS_task.o"
#        "E:\平衡步兵\hero_to_balance\hero_to_balance2023.11.1
#        (3508电机)\EWARM\standard_robot\Obj\Code\IMU\ist8310driver.o"
#        "E:\平衡步兵\hero_to_balance\hero_to_balance2023.11.1
#        (3508电机)\EWARM\standard_robot\Obj\Code\IMU\ist8310driver_middleware.o"
#        "E:\平衡步兵\hero_to_balance\hero_to_balance2023.11.1
#        (3508电机)\EWARM\standard_robot\Obj\Code\IMU\kalman_filter.o"
#        "E:\平衡步兵\hero_to_balance\hero_to_balance2023.11.1
#        (3508电机)\EWARM\standard_robot\Obj\Code\task\led_flow_task.o"
#        "E:\平衡步兵\hero_to_balance\hero_to_balance2023.11.1
#        (3508电机)\EWARM\standard_robot\Obj\Middlewares\FreeRTOS\list.o"
#        "E:\平衡步兵\hero_to_balance\hero_to_balance2023.11.1
#        (3508电机)\EWARM\standard_robot\Obj\Code\IMU\MahonyAHRS.o"
#        "E:\平衡步兵\hero_to_balance\hero_to_balance2023.11.1
#        (3508电机)\EWARM\standard_robot\Obj\Application\User\main.o"
#        "E:\平衡步兵\hero_to_balance\hero_to_balance2023.11.1
#        (3508电机)\EWARM\standard_robot\Obj\Code\refree\mem_mang4.o"
#        "E:\平衡步兵\hero_to_balance\hero_to_balance2023.11.1
#        (3508电机)\EWARM\standard_robot\Obj\Code\dispaly\OLED.o"
#        "E:\平衡步兵\hero_to_balance\hero_to_balance2023.11.1
#        (3508电机)\EWARM\standard_robot\Obj\Middlewares\FreeRTOS\port.o"
#        "E:\平衡步兵\hero_to_balance\hero_to_balance2023.11.1
#        (3508电机)\EWARM\standard_robot\Obj\Middlewares\FreeRTOS\portasm.o"
#        "E:\平衡步兵\hero_to_balance\hero_to_balance2023.11.1
#        (3508电机)\EWARM\standard_robot\Obj\Code\IMU\QuaternionEKF.o"
#        "E:\平衡步兵\hero_to_balance\hero_to_balance2023.11.1
#        (3508电机)\EWARM\standard_robot\Obj\Middlewares\FreeRTOS\queue.o"
#        "E:\平衡步兵\hero_to_balance\hero_to_balance2023.11.1
#        (3508电机)\EWARM\standard_robot\Obj\Code\refree\referee.o"
#        "E:\平衡步兵\hero_to_balance\hero_to_balance2023.11.1
#        (3508电机)\EWARM\standard_robot\Obj\Code\task\referee_usart_task.o"
#        "E:\平衡步兵\hero_to_balance\hero_to_balance2023.11.1
#        (3508电机)\EWARM\standard_robot\Obj\Code\remote_control.o"
#        "E:\平衡步兵\hero_to_balance\hero_to_balance2023.11.1
#        (3508电机)\EWARM\standard_robot\Obj\Application\User\rng.o"
#        "E:\平衡步兵\hero_to_balance\hero_to_balance2023.11.1
#        (3508电机)\EWARM\standard_robot\Obj\Application\User\rtc.o"
#        "E:\平衡步兵\hero_to_balance\hero_to_balance2023.11.1
#        (3508电机)\EWARM\standard_robot\Obj\Application\User\spi.o"
#        "E:\平衡步兵\hero_to_balance\hero_to_balance2023.11.1
#        (3508电机)\EWARM\standard_robot\Obj\Application\EWARM\startup_stm32f407xx.o"
#        "E:\平衡步兵\hero_to_balance\hero_to_balance2023.11.1
#        (3508电机)\EWARM\standard_robot\Obj\Drivers\STM32F4xx_HAL_Driver\stm32f4xx_hal.o"
#        "E:\平衡步兵\hero_to_balance\hero_to_balance2023.11.1
#        (3508电机)\EWARM\standard_robot\Obj\Drivers\STM32F4xx_HAL_Driver\stm32f4xx_hal_adc.o"
#        "E:\平衡步兵\hero_to_balance\hero_to_balance2023.11.1
#        (3508电机)\EWARM\standard_robot\Obj\Drivers\STM32F4xx_HAL_Driver\stm32f4xx_hal_adc_ex.o"
#        "E:\平衡步兵\hero_to_balance\hero_to_balance2023.11.1
#        (3508电机)\EWARM\standard_robot\Obj\Drivers\STM32F4xx_HAL_Driver\stm32f4xx_hal_can.o"
#        "E:\平衡步兵\hero_to_balance\hero_to_balance2023.11.1
#        (3508电机)\EWARM\standard_robot\Obj\Drivers\STM32F4xx_HAL_Driver\stm32f4xx_hal_cortex.o"
#        "E:\平衡步兵\hero_to_balance\hero_to_balance2023.11.1
#        (3508电机)\EWARM\standard_robot\Obj\Drivers\STM32F4xx_HAL_Driver\stm32f4xx_hal_crc.o"
#        "E:\平衡步兵\hero_to_balance\hero_to_balance2023.11.1
#        (3508电机)\EWARM\standard_robot\Obj\Drivers\STM32F4xx_HAL_Driver\stm32f4xx_hal_dma.o"
#        "E:\平衡步兵\hero_to_balance\hero_to_balance2023.11.1
#        (3508电机)\EWARM\standard_robot\Obj\Drivers\STM32F4xx_HAL_Driver\stm32f4xx_hal_dma_ex.o"
#        "E:\平衡步兵\hero_to_balance\hero_to_balance2023.11.1
#        (3508电机)\EWARM\standard_robot\Obj\Drivers\STM32F4xx_HAL_Driver\stm32f4xx_hal_exti.o"
#        "E:\平衡步兵\hero_to_balance\hero_to_balance2023.11.1
#        (3508电机)\EWARM\standard_robot\Obj\Drivers\STM32F4xx_HAL_Driver\stm32f4xx_hal_flash.o"
#        "E:\平衡步兵\hero_to_balance\hero_to_balance2023.11.1
#        (3508电机)\EWARM\standard_robot\Obj\Drivers\STM32F4xx_HAL_Driver\stm32f4xx_hal_flash_ex.o"
#        "E:\平衡步兵\hero_to_balance\hero_to_balance2023.11.1
#        (3508电机)\EWARM\standard_robot\Obj\Drivers\STM32F4xx_HAL_Driver\stm32f4xx_hal_flash_ramfunc.o"
#        "E:\平衡步兵\hero_to_balance\hero_to_balance2023.11.1
#        (3508电机)\EWARM\standard_robot\Obj\Drivers\STM32F4xx_HAL_Driver\stm32f4xx_hal_gpio.o"
#        "E:\平衡步兵\hero_to_balance\hero_to_balance2023.11.1
#        (3508电机)\EWARM\standard_robot\Obj\Drivers\STM32F4xx_HAL_Driver\stm32f4xx_hal_i2c.o"
#        "E:\平衡步兵\hero_to_balance\hero_to_balance2023.11.1
#        (3508电机)\EWARM\standard_robot\Obj\Drivers\STM32F4xx_HAL_Driver\stm32f4xx_hal_i2c_ex.o"
#        "E:\平衡步兵\hero_to_balance\hero_to_balance2023.11.1
#        (3508电机)\EWARM\standard_robot\Obj\Application\User\stm32f4xx_hal_msp.o"
#        "E:\平衡步兵\hero_to_balance\hero_to_balance2023.11.1
#        (3508电机)\EWARM\standard_robot\Obj\Drivers\STM32F4xx_HAL_Driver\stm32f4xx_hal_pcd.o"
#        "E:\平衡步兵\hero_to_balance\hero_to_balance2023.11.1
#        (3508电机)\EWARM\standard_robot\Obj\Drivers\STM32F4xx_HAL_Driver\stm32f4xx_hal_pcd_ex.o"
#        "E:\平衡步兵\hero_to_balance\hero_to_balance2023.11.1
#        (3508电机)\EWARM\standard_robot\Obj\Drivers\STM32F4xx_HAL_Driver\stm32f4xx_hal_pwr.o"
#        "E:\平衡步兵\hero_to_balance\hero_to_balance2023.11.1
#        (3508电机)\EWARM\standard_robot\Obj\Drivers\STM32F4xx_HAL_Driver\stm32f4xx_hal_pwr_ex.o"
#        "E:\平衡步兵\hero_to_balance\hero_to_balance2023.11.1
#        (3508电机)\EWARM\standard_robot\Obj\Drivers\STM32F4xx_HAL_Driver\stm32f4xx_hal_rcc.o"
#        "E:\平衡步兵\hero_to_balance\hero_to_balance2023.11.1
#        (3508电机)\EWARM\standard_robot\Obj\Drivers\STM32F4xx_HAL_Driver\stm32f4xx_hal_rcc_ex.o"
#        "E:\平衡步兵\hero_to_balance\hero_to_balance2023.11.1
#        (3508电机)\EWARM\standard_robot\Obj\Drivers\STM32F4xx_HAL_Driver\stm32f4xx_hal_rng.o"
#        "E:\平衡步兵\hero_to_balance\hero_to_balance2023.11.1
#        (3508电机)\EWARM\standard_robot\Obj\Drivers\STM32F4xx_HAL_Driver\stm32f4xx_hal_rtc.o"
#        "E:\平衡步兵\hero_to_balance\hero_to_balance2023.11.1
#        (3508电机)\EWARM\standard_robot\Obj\Drivers\STM32F4xx_HAL_Driver\stm32f4xx_hal_rtc_ex.o"
#        "E:\平衡步兵\hero_to_balance\hero_to_balance2023.11.1
#        (3508电机)\EWARM\standard_robot\Obj\Drivers\STM32F4xx_HAL_Driver\stm32f4xx_hal_spi.o"
#        "E:\平衡步兵\hero_to_balance\hero_to_balance2023.11.1
#        (3508电机)\EWARM\standard_robot\Obj\Drivers\STM32F4xx_HAL_Driver\stm32f4xx_hal_tim.o"
#        "E:\平衡步兵\hero_to_balance\hero_to_balance2023.11.1
#        (3508电机)\EWARM\standard_robot\Obj\Drivers\STM32F4xx_HAL_Driver\stm32f4xx_hal_tim_ex.o"
#        "E:\平衡步兵\hero_to_balance\hero_to_balance2023.11.1
#        (3508电机)\EWARM\standard_robot\Obj\Drivers\STM32F4xx_HAL_Driver\stm32f4xx_hal_uart.o"
#        "E:\平衡步兵\hero_to_balance\hero_to_balance2023.11.1
#        (3508电机)\EWARM\standard_robot\Obj\Application\User\stm32f4xx_it.o"
#        "E:\平衡步兵\hero_to_balance\hero_to_balance2023.11.1
#        (3508电机)\EWARM\standard_robot\Obj\Drivers\STM32F4xx_HAL_Driver\stm32f4xx_ll_adc.o"
#        "E:\平衡步兵\hero_to_balance\hero_to_balance2023.11.1
#        (3508电机)\EWARM\standard_robot\Obj\Drivers\STM32F4xx_HAL_Driver\stm32f4xx_ll_usb.o"
#        "E:\平衡步兵\hero_to_balance\hero_to_balance2023.11.1
#        (3508电机)\EWARM\standard_robot\Obj\Middlewares\FreeRTOS\stream_buffer.o"
#        "E:\平衡步兵\hero_to_balance\hero_to_balance2023.11.1
#        (3508电机)\EWARM\standard_robot\Obj\Drivers\CMSIS\system_stm32f4xx.o"
#        "E:\平衡步兵\hero_to_balance\hero_to_balance2023.11.1
#        (3508电机)\EWARM\standard_robot\Obj\Middlewares\FreeRTOS\tasks.o"
#        "E:\平衡步兵\hero_to_balance\hero_to_balance2023.11.1
#        (3508电机)\EWARM\standard_robot\Obj\Application\User\tim.o"
#        "E:\平衡步兵\hero_to_balance\hero_to_balance2023.11.1
#        (3508电机)\EWARM\standard_robot\Obj\Middlewares\FreeRTOS\timers.o"
#        "E:\平衡步兵\hero_to_balance\hero_to_balance2023.11.1
#        (3508电机)\EWARM\standard_robot\Obj\Application\User\usart.o"
#        "E:\平衡步兵\hero_to_balance\hero_to_balance2023.11.1
#        (3508电机)\EWARM\standard_robot\Obj\Application\User\usb_device.o"
#        "E:\平衡步兵\hero_to_balance\hero_to_balance2023.11.1
#        (3508电机)\EWARM\standard_robot\Obj\Middlewares\USB_Device_Library\usbd_cdc.o"
#        "E:\平衡步兵\hero_to_balance\hero_to_balance2023.11.1
#        (3508电机)\EWARM\standard_robot\Obj\Application\User\usbd_cdc_if.o"
#        "E:\平衡步兵\hero_to_balance\hero_to_balance2023.11.1
#        (3508电机)\EWARM\standard_robot\Obj\Application\User\usbd_conf.o"
#        "E:\平衡步兵\hero_to_balance\hero_to_balance2023.11.1
#        (3508电机)\EWARM\standard_robot\Obj\Middlewares\USB_Device_Library\usbd_core.o"
#        "E:\平衡步兵\hero_to_balance\hero_to_balance2023.11.1
#        (3508电机)\EWARM\standard_robot\Obj\Middlewares\USB_Device_Library\usbd_ctlreq.o"
#        "E:\平衡步兵\hero_to_balance\hero_to_balance2023.11.1
#        (3508电机)\EWARM\standard_robot\Obj\Application\User\usbd_desc.o"
#        "E:\平衡步兵\hero_to_balance\hero_to_balance2023.11.1
#        (3508电机)\EWARM\standard_robot\Obj\Middlewares\USB_Device_Library\usbd_ioreq.o"
#        "E:\平衡步兵\hero_to_balance\hero_to_balance2023.11.1
#        (3508电机)\EWARM\standard_robot\Obj\Code\task\voltage_task.o"
#        "E:\平衡步兵\hero_to_balance\hero_to_balance2023.11.1
#        (3508电机)\EWARM\standard_robot\Obj\Code\zn_chassis_motor.o"
#        "E:\平衡步兵\hero_to_balance\hero_to_balance2023.11.1
#        (3508电机)\EWARM\standard_robot\Obj\Code\task\zn_chassis_task.o"
#        "E:\平衡步兵\hero_to_balance\hero_to_balance2023.11.1
#        (3508电机)\EWARM\standard_robot\Obj\Code\task\zn_display_task.o"
#        "E:\平衡步兵\hero_to_balance\hero_to_balance2023.11.1
#        (3508电机)\EWARM\standard_robot\Obj\Code\zn_gimbal_motor.o"
#        "E:\平衡步兵\hero_to_balance\hero_to_balance2023.11.1
#        (3508电机)\EWARM\standard_robot\Obj\Code\task\zn_gimbal_task.o"
#        "E:\平衡步兵\hero_to_balance\hero_to_balance2023.11.1
#        (3508电机)\EWARM\standard_robot\Obj\Code\zn_interaction.o"
#        "E:\平衡步兵\hero_to_balance\hero_to_balance2023.11.1
#        (3508电机)\EWARM\standard_robot\Obj\Code\task\zn_judge.o"
#        "E:\平衡步兵\hero_to_balance\hero_to_balance2023.11.1
#        (3508电机)\EWARM\standard_robot\Obj\Code\zn_lib.o"
#        "E:\平衡步兵\hero_to_balance\hero_to_balance2023.11.1
#        (3508电机)\EWARM\standard_robot\Obj\Code\zn_motor.o"
#        "E:\平衡步兵\hero_to_balance\hero_to_balance2023.11.1
#        (3508电机)\EWARM\standard_robot\Obj\Code\zn_pid.o"
#        "E:\平衡步兵\hero_to_balance\hero_to_balance2023.11.1
#        (3508电机)\EWARM\standard_robot\Obj\Code\task\zn_shoot_task.o"
#        "E:\平衡步兵\hero_to_balance\hero_to_balance2023.11.1
#        (3508电机)\EWARM\standard_robot\Obj\Code\task\zn_SlideBlock_task.o"
#        --no_out_extension -o
#        "E:\平衡步兵\hero_to_balance\hero_to_balance2023.11.1
#        (3508电机)\EWARM\standard_robot\Exe\standard_robot.out" --redirect
#        _Printf=_PrintfFullNoMb --redirect _Scanf=_ScanfFullNoMb --map
#        "E:\平衡步兵\hero_to_balance\hero_to_balance2023.11.1
#        (3508电机)\EWARM\standard_robot\List\standard_robot.map" --config
#        "E:\平衡步兵\hero_to_balance\hero_to_balance2023.11.1
#        (3508电机)\EWARM/stm32f407xx_flash.icf" --semihosting --entry
#        __iar_program_start --vfe --text_out locale)
#
###############################################################################

*******************************************************************************
*** MESSAGES
***

Error[Li005]: no definition for "arm_mat_mult_f32" [referenced from
          E:\平衡步兵\hero_to_balance\hero_to_balance2023.11.1
          (3508电机)\EWARM\standard_robot\Obj\Code\IMU\kalman_filter.o]
Error[Li005]: no definition for "arm_mat_sub_f32" [referenced from
          E:\平衡步兵\hero_to_balance\hero_to_balance2023.11.1
          (3508电机)\EWARM\standard_robot\Obj\Code\IMU\kalman_filter.o]
Error[Li005]: no definition for "arm_mat_add_f32" [referenced from
          E:\平衡步兵\hero_to_balance\hero_to_balance2023.11.1
          (3508电机)\EWARM\standard_robot\Obj\Code\IMU\kalman_filter.o]
Error[Li005]: no definition for "arm_mat_trans_f32" [referenced from
          E:\平衡步兵\hero_to_balance\hero_to_balance2023.11.1
          (3508电机)\EWARM\standard_robot\Obj\Code\IMU\kalman_filter.o]
Error[Li005]: no definition for "arm_mat_inverse_f32" [referenced from
          E:\平衡步兵\hero_to_balance\hero_to_balance2023.11.1
          (3508电机)\EWARM\standard_robot\Obj\Code\IMU\kalman_filter.o]
Error[Li005]: no definition for "arm_mat_init_f32" [referenced from
          E:\平衡步兵\hero_to_balance\hero_to_balance2023.11.1
          (3508电机)\EWARM\standard_robot\Obj\Code\IMU\QuaternionEKF.o]
Error[Li005]: no definition for "arm_sin_f32" [referenced from
          E:\平衡步兵\hero_to_balance\hero_to_balance2023.11.1
          (3508电机)\EWARM\standard_robot\Obj\Code\IMU\ins.o]
Error[Li005]: no definition for "arm_cos_f32" [referenced from
          E:\平衡步兵\hero_to_balance\hero_to_balance2023.11.1
          (3508电机)\EWARM\standard_robot\Obj\Code\IMU\ins.o]


*******************************************************************************
*** RUNTIME MODEL ATTRIBUTES
***

CppFlavor       = *
__CPP_Runtime   = 1
__Heap_Handler  = DLMalloc
__SystemLibrary = DLib
__dlib_version  = 6


*******************************************************************************
*** HEAP SELECTION
***

The advanced heap was selected because the application calls memory
allocation functions outside of system library functions, and there
are calls to deallocation functions in the application.


*******************************************************************************
*** PLACEMENT SUMMARY
***

"A0":  place at address 0x800'0000 { ro section .intvec };
"P1":  place in [from 0x800'0000 to 0x80f'ffff] { ro };
define block CSTACK with size = 8K, alignment = 8 { };
define block HEAP with size = 8K, alignment = 8 { };
"P2":  place in [from 0x2000'0000 to 0x2001'ffff] {
          rw, block CSTACK, block HEAP };
initialize by copy { rw };

  Section            Kind         Address    Size  Object
  -------            ----         -------    ----  ------
"A0":                                       0x188
  .intvec            ro code   0x800'0000   0x188  startup_stm32f407xx.o [1]
                             - 0x800'0188   0x188

"P1":                                      0xf8fd
  .text              ro code   0x800'0188   0xfa4  dlmalloc.o [13]
  .text              ro code   0x800'112c     0x6  abort.o [13]
  .text              ro code   0x800'1134    0x2c  xgetmemchunk.o [13]
  .text              ro code   0x800'1160    0x14  exit.o [16]
  .text              ro code   0x800'1174   0xa8c  tasks.o [11]
  .text              ro code   0x800'1c00   0x1b0  heap_4.o [11]
  .text              ro code   0x800'1db0    0x3a  ABImemset48.o [15]
  .text              ro code   0x800'1dea    0x92  list.o [11]
  .text              ro code   0x800'1e7c   0x1c6  port.o [11]
  .text              ro code   0x800'2044   0x1d0  freertos.o [2]
  .text              ro code   0x800'2214   0x354  timers.o [11]
  .text              ro code   0x800'2568    0x14  strlen_small.o [15]
  .text              ro code   0x800'257c    0x28  port.o [11]
  CODE               ro code   0x800'25a4    0xb0  portasm.o [11]
  .text              ro code   0x800'2654    0x82  cmsis_os.o [11]
  .text              ro code   0x800'26d8   0x584  queue.o [11]
  .text              ro code   0x800'2c5c    0x18  ABImemcpy_small.o [15]
  .text              ro code   0x800'2c74   0x9cc  QuaternionEKF.o [5]
  .text              ro code   0x800'3640   0x748  kalman_filter.o [5]
  .text              ro code   0x800'3d88    0x6a  atan2f.o [14]
  .text              ro code   0x800'3df4    0x5c  asinf.o [14]
  .text              ro code   0x800'3e50     0x6  ABImemclr4.o [15]
  .text              ro code   0x800'3e58    0x64  acosf.o [14]
  .text              ro code   0x800'3ebc     0x6  ABImemclr.o [15]
  .text              ro code   0x800'3ec4    0xa4  xatanf.o [14]
  .text              ro code   0x800'3f68    0x12  ABImemset_small.o [15]
  .text              ro code   0x800'3f7c   0x968  BMI088driver.o [5]
  .text              ro code   0x800'48e4   0x18c  bsp_dwt.o [3]
  .text              ro code   0x800'4a70    0x4c  BMI088Middleware.o [5]
  .text              ro code   0x800'4abc    0x1e  sqrtf.o [14]
  .text              ro code   0x800'4ada    0x14  memset.o [15]
  .text              ro code   0x800'4af0   0x106  I64DivMod_small.o [15]
  .text              ro code   0x800'4bf8    0x60  bsp_delay.o [3]
  .text              ro code   0x800'4c58   0x220  stm32f4xx_hal_gpio.o [10]
  .text              ro code   0x800'4e78   0x3e4  stm32f4xx_hal_spi.o [10]
  .text              ro code   0x800'525c     0x2  I64DivZer.o [15]
  .text              ro code   0x800'5260   0x792  INS_task.o [8]
  .text              ro code   0x800'59f4   0x1cc  spi.o [2]
  .text              ro code   0x800'5bc0     0xc  stm32f4xx_hal.o [10]
  .text              ro code   0x800'5bcc    0xf0  ist8310driver.o [5]
  .text              ro code   0x800'5cbc   0x150  main.o [2]
  .text              ro code   0x800'5e0c   0x87c  bsp_spi.o [3]
  .text              ro code   0x800'6688   0x678  ins.o [5]
  .text              ro code   0x800'6d00    0x50  detect_task.o [4]
  .text              ro code   0x800'6d50   0x24c  MahonyAHRS.o [5]
  .text              ro code   0x800'6f9c   0x2e0  stm32f4xx_hal_dma.o [10]
  .text              ro code   0x800'727c    0x80  ist8310driver_middleware.o [5]
  .text              ro code   0x800'72fc    0x34  stm32f4xx_hal.o [10]
  .text              ro code   0x800'7330   0x1ec  gpio.o [2]
  .text              ro code   0x800'751c    0xa8  dma.o [2]
  .text              ro code   0x800'75c4   0x118  adc.o [2]
  .text              ro code   0x800'76dc   0x154  can.o [2]
  .text              ro code   0x800'7830   0x1e4  i2c.o [2]
  .text              ro code   0x800'7a14   0x5e0  tim.o [2]
  .text              ro code   0x800'7ff4   0x2d4  usart.o [2]
  .text              ro code   0x800'82c8    0x4c  crc.o [2]
  .text              ro code   0x800'8314    0x4c  rng.o [2]
  .text              ro code   0x800'8360    0x70  rtc.o [2]
  .text              ro code   0x800'83d0    0x5c  bsp_can.o [3]
  .text              ro code   0x800'842c   0x200  remote_control.o [4]
  .text              ro code   0x800'862c   0x104  bsp_usart.o [3]
  .text              ro code   0x800'8730   0x31c  stm32f4xx_hal_rcc.o [10]
  .text              ro code   0x800'8a4c   0x154  stm32f4xx_hal_rcc.o [10]
  .text              ro code   0x800'8ba0   0x6ca  zn_pid.o [4]
  .text              ro code   0x800'926c   0x74a  stm32f4xx_hal_tim.o [10]
  .text              ro code   0x800'99b8   0x2ea  zn_lib.o [4]
  .text              ro code   0x800'9ca2    0x2c  bsp_PWM.o [3]
  .text              ro code   0x800'9cd0   0x87a  stm32f4xx_hal_i2c.o [10]
  .text              ro code   0x800'a54c    0xc4  stm32f4xx_hal_cortex.o [10]
  .text              ro code   0x800'a610    0x40  stm32f4xx_hal.o [10]
  .text              ro code   0x800'a650    0x40  stm32f4xx_hal_msp.o [2]
  .text              ro code   0x800'a690   0x4b8  stm32f4xx_hal_adc.o [10]
  .text              ro code   0x800'ab48   0x630  stm32f4xx_hal_can.o [10]
  .text              ro code   0x800'b178    0xe0  stm32f4xx_hal_tim_ex.o [10]
  .text              ro code   0x800'b258   0x284  stm32f4xx_hal_uart.o [10]
  .text              ro code   0x800'b4dc    0x20  stm32f4xx_hal_crc.o [10]
  .text              ro code   0x800'b4fc    0x32  stm32f4xx_hal_rng.o [10]
  .text              ro code   0x800'b530   0x120  stm32f4xx_hal_rtc.o [10]
  .text              ro code   0x800'b650   0x130  stm32f4xx_hal_rcc_ex.o [10]
  .text              ro code   0x800'b780    0x60  stm32f4xx_hal_rcc.o [10]
  .text              ro code   0x800'b7e0     0x2  stm32f4xx_hal_tim.o [10]
  .text              ro code   0x800'b7e2     0x2  stm32f4xx_hal_tim.o [10]
  .text              ro code   0x800'b7e4     0x2  stm32f4xx_hal_tim.o [10]
  .text              ro code   0x800'b7e6     0x2  stm32f4xx_hal_tim.o [10]
  .text              ro code   0x800'b7e8     0x2  stm32f4xx_hal_tim_ex.o [10]
  .text              ro code   0x800'b7ea     0x2  stm32f4xx_hal_tim.o [10]
  .text              ro code   0x800'b7ec     0x2  stm32f4xx_hal_tim_ex.o [10]
  .text              ro code   0x800'b7ee     0x2  stm32f4xx_hal_tim.o [10]
  .text              ro code   0x800'b7f0     0x2  stm32f4xx_hal_can.o [10]
  .text              ro code   0x800'b7f2     0x2  stm32f4xx_hal_can.o [10]
  .text              ro code   0x800'b7f4     0x2  stm32f4xx_hal_can.o [10]
  .text              ro code   0x800'b7f6     0x2  stm32f4xx_hal_can.o [10]
  .text              ro code   0x800'b7f8     0x2  stm32f4xx_hal_can.o [10]
  .text              ro code   0x800'b7fa     0x2  stm32f4xx_hal_can.o [10]
  .text              ro code   0x800'b7fc     0x2  stm32f4xx_hal_can.o [10]
  .text              ro code   0x800'b800   0x2ac  CAN_receive.o [4]
  .text              ro code   0x800'baac     0x2  stm32f4xx_hal_can.o [10]
  .text              ro code   0x800'baae     0x2  stm32f4xx_hal_can.o [10]
  .text              ro code   0x800'bab0     0x2  stm32f4xx_hal_can.o [10]
  .text              ro code   0x800'bab2     0x2  stm32f4xx_hal_can.o [10]
  .text              ro code   0x800'bab4     0x2  stm32f4xx_hal_can.o [10]
  .text              ro code   0x800'bab8   0x586  zn_motor.o [4]
  .text              ro code   0x800'c040   0x6f6  stm32f4xx_hal_pcd.o [10]
  .text              ro code   0x800'c738   0x5c4  stm32f4xx_ll_usb.o [10]
  .text              ro code   0x800'ccfc   0x146  usbd_conf.o [2]
  .text              ro code   0x800'ce42     0x2  stm32f4xx_hal_pcd_ex.o [10]
  .text              ro code   0x800'ce44   0x27a  usbd_core.o [12]
  .text              ro code   0x800'd0c0   0x458  usbd_ctlreq.o [12]
  .text              ro code   0x800'd518    0x4c  usbd_ioreq.o [12]
  .text              ro code   0x800'd564   0x4ec  zn_interaction.o [4]
  .text              ro code   0x800'da50    0x68  DblToFlt.o [14]
  .text              ro code   0x800'dab8   0x408  zn_chassis_task.o [8]
  .text              ro code   0x800'dec0    0x48  FltToDbl.o [14]
  .text              ro code   0x800'df08   0x1aa  DblMul.o [14]
  .text              ro code   0x800'e0b4   0x24e  DblAddSub.o [14]
  .rodata            const     0x800'e304   0x200  CRC8_CRC16.o [7]
  .text              ro code   0x800'e504   0x1f6  zn_gimbal_task.o [8]
  .text              ro code   0x800'e6fc    0x10  bsp_laser.o [3]
  .text              ro code   0x800'e70c   0x170  zn_gimbal_motor.o [4]
  .text              ro code   0x800'e87c   0x1bc  referee.o [7]
  .text              ro code   0x800'ea38   0x1a4  referee_usart_task.o [8]
  .text              ro code   0x800'ebdc    0xda  fifo.o [7]
  .text              ro code   0x800'ecb8    0xb4  CRC8_CRC16.o [7]
  .text              ro code   0x800'ed6c   0x15c  zn_SlideBlock_task.o [8]
  .text              ro code   0x800'eec8   0x114  led_flow_task.o [8]
  .text              ro code   0x800'efdc    0x30  bsp_led.o [3]
  .rodata            const     0x800'f00c   0x100  CRC8_CRC16.o [7]
  .text              ro code   0x800'f10c   0x100  voltage_task.o [8]
  .text              ro code   0x800'f20c    0xac  bsp_adc.o [3]
  .text              ro code   0x800'f2b8    0xe4  ANO_DT.o [6]
  .text              ro code   0x800'f39c    0xbc  zn_display_task.o [8]
  .rodata            const     0x800'f458    0x90  QuaternionEKF.o [5]
  .text              ro code   0x800'f4e8    0x84  stm32f4xx_it.o [2]
  .text              ro code   0x800'f56c    0x10  stm32f4xx_hal.o [10]
  .text              ro code   0x800'f57c    0x78  lz77_init_single.o [15]
  .text              ro code   0x800'f5f4    0x6c  zn_shoot_task.o [8]
  .text              ro code   0x800'f660    0x60  system_stm32f4xx.o [9]
  .text              ro code   0x800'f6c0    0x5c  bsp_i2c.o [3]
  .text              ro code   0x800'f71c    0x38  zero_init3.o [15]
  .text              ro code   0x800'f754    0x28  data_init.o [15]
  .text              ro code   0x800'f77c    0x22  fpinit_M.o [14]
  .iar.init_table    const     0x800'f7a0    0x20  - Linker created -
  .text              ro code   0x800'f7c0    0x1e  cmain.o [15]
  .text              ro code   0x800'f7de     0x4  low_level_init.o [13]
  .text              ro code   0x800'f7e2     0x4  exit.o [13]
  .text              ro code   0x800'f7e8     0xa  cexit.o [15]
  .text              ro code   0x800'f7f4    0x1c  cstartup_M.o [15]
  .rodata            const     0x800'f810    0x10  freertos.o [2]
  .rodata            const     0x800'f820    0x10  freertos.o [2]
  .rodata            const     0x800'f830    0x10  freertos.o [2]
  .text              ro code   0x800'f840    0x10  startup_stm32f407xx.o [1]
  .rodata            const     0x800'f850     0xc  freertos.o [2]
  .rodata            const     0x800'f85c     0xc  freertos.o [2]
  .rodata            const     0x800'f868     0xc  freertos.o [2]
  .rodata            const     0x800'f874     0x8  freertos.o [2]
  .rodata            const     0x800'f87c     0x8  freertos.o [2]
  .rodata            const     0x800'f884     0x8  freertos.o [2]
  .rodata            const     0x800'f88c     0x8  system_stm32f4xx.o [9]
  .rodata            const     0x800'f894     0x4  freertos.o [2]
  .text              ro code   0x800'f898     0x4  startup_stm32f407xx.o [1]
  .text              ro code   0x800'f89c     0x4  startup_stm32f407xx.o [1]
  .text              ro code   0x800'f8a0     0x4  startup_stm32f407xx.o [1]
  .text              ro code   0x800'f8a4     0x4  startup_stm32f407xx.o [1]
  .text              ro code   0x800'f8a8     0x4  startup_stm32f407xx.o [1]
  .text              ro code   0x800'f8ac     0x4  startup_stm32f407xx.o [1]
  .text              ro code   0x800'f8b0     0x4  startup_stm32f407xx.o [1]
  .text              ro code   0x800'f8b4     0x4  startup_stm32f407xx.o [1]
  .text              ro code   0x800'f8b8     0x4  startup_stm32f407xx.o [1]
  .text              ro code   0x800'f8bc     0x4  startup_stm32f407xx.o [1]
  .text              ro code   0x800'f8c0     0x4  startup_stm32f407xx.o [1]
  .text              ro code   0x800'f8c4     0x4  startup_stm32f407xx.o [1]
  .text              ro code   0x800'f8c8     0x4  startup_stm32f407xx.o [1]
  .text              ro code   0x800'f8cc     0x4  startup_stm32f407xx.o [1]
  .text              ro code   0x800'f8d0     0x4  startup_stm32f407xx.o [1]
  .text              ro code   0x800'f8d4     0x4  startup_stm32f407xx.o [1]
  .text              ro code   0x800'f8d8     0x4  startup_stm32f407xx.o [1]
  .text              ro code   0x800'f8dc     0x4  startup_stm32f407xx.o [1]
  .text              ro code   0x800'f8e0     0x4  startup_stm32f407xx.o [1]
  .text              ro code   0x800'f8e4     0x4  startup_stm32f407xx.o [1]
  .text              ro code   0x800'f8e8     0x4  startup_stm32f407xx.o [1]
  .text              ro code   0x800'f8ec     0x4  startup_stm32f407xx.o [1]
  .text              ro code   0x800'f8f0     0x4  startup_stm32f407xx.o [1]
  .text              ro code   0x800'f8f4     0x4  startup_stm32f407xx.o [1]
  .text              ro code   0x800'f8f8     0x4  startup_stm32f407xx.o [1]
  .text              ro code   0x800'f8fc     0x4  startup_stm32f407xx.o [1]
  .text              ro code   0x800'f900     0x4  startup_stm32f407xx.o [1]
  .text              ro code   0x800'f904     0x4  startup_stm32f407xx.o [1]
  .text              ro code   0x800'f908     0x4  startup_stm32f407xx.o [1]
  .text              ro code   0x800'f90c     0x4  startup_stm32f407xx.o [1]
  .text              ro code   0x800'f910     0x4  startup_stm32f407xx.o [1]
  .text              ro code   0x800'f914     0x4  startup_stm32f407xx.o [1]
  .text              ro code   0x800'f918     0x4  startup_stm32f407xx.o [1]
  .text              ro code   0x800'f91c     0x4  startup_stm32f407xx.o [1]
  .text              ro code   0x800'f920     0x4  startup_stm32f407xx.o [1]
  .text              ro code   0x800'f924     0x4  startup_stm32f407xx.o [1]
  .text              ro code   0x800'f928     0x4  startup_stm32f407xx.o [1]
  .text              ro code   0x800'f92c     0x4  startup_stm32f407xx.o [1]
  .text              ro code   0x800'f930     0x4  startup_stm32f407xx.o [1]
  .text              ro code   0x800'f934     0x4  startup_stm32f407xx.o [1]
  .text              ro code   0x800'f938     0x4  startup_stm32f407xx.o [1]
  .text              ro code   0x800'f93c     0x4  startup_stm32f407xx.o [1]
  .text              ro code   0x800'f940     0x4  startup_stm32f407xx.o [1]
  .text              ro code   0x800'f944     0x4  startup_stm32f407xx.o [1]
  .text              ro code   0x800'f948     0x4  startup_stm32f407xx.o [1]
  .text              ro code   0x800'f94c     0x4  startup_stm32f407xx.o [1]
  .text              ro code   0x800'f950     0x4  startup_stm32f407xx.o [1]
  .text              ro code   0x800'f954     0x4  startup_stm32f407xx.o [1]
  .text              ro code   0x800'f958     0x4  startup_stm32f407xx.o [1]
  .text              ro code   0x800'f95c     0x4  startup_stm32f407xx.o [1]
  .text              ro code   0x800'f960     0x4  startup_stm32f407xx.o [1]
  .text              ro code   0x800'f964     0x4  startup_stm32f407xx.o [1]
  .text              ro code   0x800'f968     0x4  startup_stm32f407xx.o [1]
  .text              ro code   0x800'f96c     0x4  startup_stm32f407xx.o [1]
  .text              ro code   0x800'f970     0x4  startup_stm32f407xx.o [1]
  .text              ro code   0x800'f974     0x4  startup_stm32f407xx.o [1]
  .text              ro code   0x800'f978     0x4  startup_stm32f407xx.o [1]
  .text              ro code   0x800'f97c     0x4  startup_stm32f407xx.o [1]
  .text              ro code   0x800'f980     0x4  startup_stm32f407xx.o [1]
  .text              ro code   0x800'f984     0x4  startup_stm32f407xx.o [1]
  .text              ro code   0x800'f988     0x4  startup_stm32f407xx.o [1]
  .text              ro code   0x800'f98c     0x4  startup_stm32f407xx.o [1]
  .text              ro code   0x800'f990     0x4  startup_stm32f407xx.o [1]
  .text              ro code   0x800'f994     0x4  startup_stm32f407xx.o [1]
  .text              ro code   0x800'f998     0x4  startup_stm32f407xx.o [1]
  .text              ro code   0x800'f99c     0x4  startup_stm32f407xx.o [1]
  .rodata            const     0x800'f9a0     0x0  zero_init3.o [15]
  .rodata            const     0x800'f9a0     0x0  lz77_init_single.o [15]
  Initializer bytes  const     0x800'f9a0    0xe5  <for P2-1>
                             - 0x800'fa85  0xf8fd

"P2", part 1 of 3:                          0x586
  P2-1                        0x2000'0000   0x586  <Init block>
    .data            inited   0x2000'0000   0x300  QuaternionEKF.o [5]
    .data            inited   0x2000'0300    0x28  BMI088driver.o [5]
    .data            inited   0x2000'0328    0x14  BMI088driver.o [5]
    .data            inited   0x2000'033c    0x14  BMI088driver.o [5]
    .data            inited   0x2000'0350     0x4  bsp_adc.o [3]
    .data            inited   0x2000'0354     0x4  ins.o [5]
    .data            inited   0x2000'0358    0xf0  INS_task.o [8]
    .data            inited   0x2000'0448    0x84  INS_task.o [8]
    .data            inited   0x2000'04cc    0x1c  led_flow_task.o [8]
    .data            inited   0x2000'04e8    0x14  MahonyAHRS.o [5]
    .data            inited   0x2000'04fc     0xc  port.o [11]
    .data            inited   0x2000'0508     0xc  stm32f4xx_hal.o [10]
    .data            inited   0x2000'0514     0x4  system_stm32f4xx.o [9]
    .data            inited   0x2000'0518    0x10  zn_gimbal_task.o [8]
    .data            inited   0x2000'0528     0x8  zn_interaction.o [4]
    .data            inited   0x2000'0530     0xc  zn_motor.o [4]
    .data            inited   0x2000'053c     0xc  zn_motor.o [4]
    .data            inited   0x2000'0548     0xc  zn_motor.o [4]
    .data            inited   0x2000'0554     0xc  zn_motor.o [4]
    .data            inited   0x2000'0560     0xc  zn_motor.o [4]
    .data            inited   0x2000'056c     0xc  zn_motor.o [4]
    .data            inited   0x2000'0578     0xc  zn_motor.o [4]
    .data            inited   0x2000'0584     0x2  CRC8_CRC16.o [7]
                            - 0x2000'0586   0x586

"P2", part 2 of 3:                         0x9b18
  .bss               zero     0x2000'0588  0x6020  heap_4.o [11]
  .bss               zero     0x2000'65a8   0x8a4  referee_usart_task.o [8]
  .bss               zero     0x2000'6e4c   0x670  zn_motor.o [4]
  .bss               zero     0x2000'74bc   0x454  freertos.o [2]
  .bss               zero     0x2000'7910   0x408  usbd_conf.o [2]
  .bss               zero     0x2000'7d18   0x254  freertos.o [2]
  .bss               zero     0x2000'7f6c   0x21c  detect_task.o [4]
  .bss               zero     0x2000'8188   0x1d8  dlmalloc.o [13]
  .bss               zero     0x2000'8360   0x1a8  zn_motor.o [4]
  .bss               zero     0x2000'8508   0x19c  zn_motor.o [4]
  .bss               zero     0x2000'86a4   0x19c  zn_motor.o [4]
  .bss               zero     0x2000'8840   0x19c  zn_motor.o [4]
  .bss               zero     0x2000'89dc   0x19c  zn_motor.o [4]
  .bss               zero     0x2000'8b78   0x19c  zn_motor.o [4]
  .bss               zero     0x2000'8d14   0x180  usart.o [2]
  .bss               zero     0x2000'8e94   0x124  timers.o [11]
  .bss               zero     0x2000'8fb8    0xe0  zn_interaction.o [4]
  .bss               zero     0x2000'9098    0xc0  spi.o [2]
  .bss               zero     0x2000'9158    0xac  ins.o [5]
  .bss               zero     0x2000'9204    0x9c  tasks.o [11]
  .bss               zero     0x2000'92a0    0x90  zn_interaction.o [4]
  .bss               zero     0x2000'9330    0x90  zn_motor.o [4]
  .bss               zero     0x2000'93c0    0x8c  tasks.o [11]
  .bss               zero     0x2000'944c    0x88  referee.o [7]
  .bss               zero     0x2000'94d4    0x80  ins.o [5]
  .bss               zero     0x2000'9554    0x64  remote_control.o [4]
  .bss               zero     0x2000'95b8    0x60  i2c.o [2]
  .bss               zero     0x2000'9618    0x5c  CAN_receive.o [4]
  .bss               zero     0x2000'9674    0x5c  ins.o [5]
  .bss               zero     0x2000'96d0    0x58  spi.o [2]
  .bss               zero     0x2000'9728    0x58  spi.o [2]
  .bss               zero     0x2000'9780    0x54  i2c.o [2]
  .bss               zero     0x2000'97d4    0x54  i2c.o [2]
  .bss               zero     0x2000'9828    0x54  i2c.o [2]
  .bss               zero     0x2000'987c    0x48  adc.o [2]
  .bss               zero     0x2000'98c4    0x48  adc.o [2]
  .bss               zero     0x2000'990c    0x48  tim.o [2]
  .bss               zero     0x2000'9954    0x48  tim.o [2]
  .bss               zero     0x2000'999c    0x48  tim.o [2]
  .bss               zero     0x2000'99e4    0x48  tim.o [2]
  .bss               zero     0x2000'9a2c    0x48  tim.o [2]
  .bss               zero     0x2000'9a74    0x48  tim.o [2]
  .bss               zero     0x2000'9abc    0x48  zn_motor.o [4]
  .bss               zero     0x2000'9b04    0x48  zn_motor.o [4]
  .bss               zero     0x2000'9b4c    0x48  zn_motor.o [4]
  .bss               zero     0x2000'9b94    0x48  zn_motor.o [4]
  .bss               zero     0x2000'9bdc    0x48  zn_motor.o [4]
  .bss               zero     0x2000'9c24    0x48  zn_motor.o [4]
  .bss               zero     0x2000'9c6c    0x48  zn_motor.o [4]
  .bss               zero     0x2000'9cb4    0x44  usart.o [2]
  .bss               zero     0x2000'9cf8    0x44  usart.o [2]
  .bss               zero     0x2000'9d3c    0x44  usart.o [2]
  .bss               zero     0x2000'9d80    0x40  queue.o [11]
  .bss               zero     0x2000'9dc0    0x40  zn_chassis_motor.o [4]
  .bss               zero     0x2000'9e00    0x40  zn_gimbal_motor.o [4]
  .bss               zero     0x2000'9e40    0x40  zn_gimbal_motor.o [4]
  .bss               zero     0x2000'9e80    0x38  BMI088driver.o [5]
  .bss               zero     0x2000'9eb8    0x34  ANO_DT.o [6]
  .bss               zero     0x2000'9eec    0x30  CAN_receive.o [4]
  .bss               zero     0x2000'9f1c    0x28  can.o [2]
  .bss               zero     0x2000'9f44    0x28  can.o [2]
  .bss               zero     0x2000'9f6c     0xc  zn_motor.o [4]
  .bss               zero     0x2000'9f78    0x24  bsp_dwt.o [3]
  .bss               zero     0x2000'9f9c    0x20  freertos.o [2]
  .bss               zero     0x2000'9fbc    0x20  rtc.o [2]
  .bss               zero     0x2000'9fdc    0x18  CAN_receive.o [4]
  .bss               zero     0x2000'9ff4    0x18  dlmalloc.o [13]
  .bss               zero     0x2000'a00c    0x10  bsp_adc.o [3]
  .bss               zero     0x2000'a01c    0x10  rng.o [2]
  .bss               zero     0x2000'a02c     0x8  bsp_delay.o [3]
  .bss               zero     0x2000'a034     0x8  crc.o [2]
  .bss               zero     0x2000'a03c     0x8  voltage_task.o [8]
  .bss               zero     0x2000'a044     0x8  zn_interaction.o [4]
  .bss               zero     0x2000'a04c     0x8  zn_interaction.o [4]
  .bss               zero     0x2000'a054     0x8  zn_interaction.o [4]
  .bss               zero     0x2000'a05c     0x8  zn_interaction.o [4]
  .bss               zero     0x2000'a064     0x8  zn_interaction.o [4]
  .bss               zero     0x2000'a06c     0x4  BMI088Middleware.o [5]
  .bss               zero     0x2000'a070     0x4  can.o [2]
  .bss               zero     0x2000'a074     0x4  freertos.o [2]
  .bss               zero     0x2000'a078     0x4  kalman_filter.o [5]
  .bss               zero     0x2000'a07c     0x4  zn_chassis_task.o [8]
  .bss               zero     0x2000'a080     0x4  zn_chassis_task.o [8]
  .bss               zero     0x2000'a084     0x4  zn_display_task.o [8]
  .bss               zero     0x2000'a088     0x4  zn_gimbal_task.o [8]
  .bss               zero     0x2000'a08c     0x4  zn_pid.o [4]
  .bss               zero     0x2000'a090     0x4  zn_shoot_task.o [8]
  .bss               zero     0x2000'a094     0x4  zn_SlideBlock_task.o [8]
  .bss               zero     0x2000'a098     0x4  xgetmemchunk.o [13]
  .bss               zero     0x2000'a09c     0x2  zn_interaction.o [4]
  .bss               zero     0x2000'a09e     0x1  usbd_ctlreq.o [12]
                            - 0x2000'a09f  0x9b17

"P2", part 3 of 3:                         0x4000
  CSTACK                      0x2000'a0a0  0x2000  <Block>
    CSTACK           uninit   0x2000'a0a0  0x2000  <Block tail>
  HEAP                        0x2000'c0a0  0x2000  <Block>
    HEAP             uninit   0x2000'c0a0  0x2000  <Block tail>
                            - 0x2000'e0a0  0x4000

Unused ranges:

         From           To      Size
         ----           --      ----
   0x800'fa85   0x80f'ffff  0xf'057b
  0x2000'0586  0x2000'0587       0x2
  0x2000'e0a0  0x2001'ffff  0x1'1f60


*******************************************************************************
*** INIT TABLE
***

          Address      Size
          -------      ----
Zero (__iar_zero_init3)
    1 destination range, total size 0x9b17:
          0x2000'0588  0x9b17

Copy/lz77 (__iar_lz77_init_single3)
    1 source range, total size 0xe5 (16% of destination):
           0x800'f9a0    0xe5
    1 destination range, total size 0x586:
          0x2000'0000   0x586



*******************************************************************************
*** MODULE SUMMARY
***

    Module                      ro code  ro data  rw data
    ------                      -------  -------  -------
command line/config:
    -----------------------------------------------------
    Total:

E:\平衡步兵\hero_to_balance\hero_to_balance2023.11.1 (3508电机)\EWARM\standard_robot\Obj\Application\EWARM: [1]
    startup_stm32f407xx.o           672
    -----------------------------------------------------
    Total:                          672

E:\平衡步兵\hero_to_balance\hero_to_balance2023.11.1 (3508电机)\EWARM\standard_robot\Obj\Application\User: [2]
    adc.o                           280               144
    can.o                           340                84
    crc.o                            76                 8
    dma.o                           168
    freertos.o                      464      112    1'740
    gpio.o                          492
    i2c.o                           484               348
    main.o                          336
    rng.o                            76                16
    rtc.o                           112                32
    spi.o                           460               368
    stm32f4xx_hal_msp.o              64
    stm32f4xx_it.o                  132
    tim.o                         1'504               432
    usart.o                         724               588
    usbd_conf.o                     326             1'032
    -----------------------------------------------------
    Total:                        6'038      112    4'792

E:\平衡步兵\hero_to_balance\hero_to_balance2023.11.1 (3508电机)\EWARM\standard_robot\Obj\Bsp_board: [3]
    bsp_PWM.o                        44
    bsp_adc.o                       172                20
    bsp_can.o                        92
    bsp_delay.o                      96                 8
    bsp_dwt.o                       396                36
    bsp_i2c.o                        92
    bsp_laser.o                      16
    bsp_led.o                        48
    bsp_spi.o                     2'172
    bsp_usart.o                     260
    -----------------------------------------------------
    Total:                        3'388                64

E:\平衡步兵\hero_to_balance\hero_to_balance2023.11.1 (3508电机)\EWARM\standard_robot\Obj\Code: [4]
    CAN_receive.o                   684               164
    detect_task.o                    80               540
    remote_control.o                512               100
    zn_chassis_motor.o                                 64
    zn_gimbal_motor.o               368               128
    zn_interaction.o              1'260        2      418
    zn_lib.o                        746
    zn_motor.o                    1'414       13    4'876
    zn_pid.o                      1'738                 4
    -----------------------------------------------------
    Total:                        6'802       15    6'294

E:\平衡步兵\hero_to_balance\hero_to_balance2023.11.1 (3508电机)\EWARM\standard_robot\Obj\Code\IMU: [5]
    BMI088Middleware.o               76                 4
    BMI088driver.o                2'408       13      136
    MahonyAHRS.o                    588        3       20
    QuaternionEKF.o               2'508      268      768
    ins.o                         1'656        1      396
    ist8310driver.o                 240
    ist8310driver_middleware.o      128
    kalman_filter.o               1'864                 4
    -----------------------------------------------------
    Total:                        9'468      285    1'328

E:\平衡步兵\hero_to_balance\hero_to_balance2023.11.1 (3508电机)\EWARM\standard_robot\Obj\Code\dispaly: [6]
    ANO_DT.o                        228                52
    -----------------------------------------------------
    Total:                          228                52

E:\平衡步兵\hero_to_balance\hero_to_balance2023.11.1 (3508电机)\EWARM\standard_robot\Obj\Code\refree: [7]
    CRC8_CRC16.o                    180      769        2
    fifo.o                          218
    referee.o                       444               136
    -----------------------------------------------------
    Total:                          842      769      138

E:\平衡步兵\hero_to_balance\hero_to_balance2023.11.1 (3508电机)\EWARM\standard_robot\Obj\Code\task: [8]
    INS_task.o                    1'938       60      372
    led_flow_task.o                 276        5       28
    referee_usart_task.o            420             2'212
    voltage_task.o                  256                 8
    zn_SlideBlock_task.o            348                 4
    zn_chassis_task.o             1'032                 8
    zn_display_task.o               188                 4
    zn_gimbal_task.o                502        2       20
    zn_shoot_task.o                 108                 4
    -----------------------------------------------------
    Total:                        5'068       67    2'660

E:\平衡步兵\hero_to_balance\hero_to_balance2023.11.1 (3508电机)\EWARM\standard_robot\Obj\Drivers\CMSIS: [9]
    system_stm32f4xx.o               96        9        4
    -----------------------------------------------------
    Total:                           96        9        4

E:\平衡步兵\hero_to_balance\hero_to_balance2023.11.1 (3508电机)\EWARM\standard_robot\Obj\Drivers\STM32F4xx_HAL_Driver: [10]
    stm32f4xx_hal.o                 144        2       12
    stm32f4xx_hal_adc.o           1'208
    stm32f4xx_hal_can.o           1'608
    stm32f4xx_hal_cortex.o          196
    stm32f4xx_hal_crc.o              32
    stm32f4xx_hal_dma.o             736
    stm32f4xx_hal_gpio.o            544
    stm32f4xx_hal_i2c.o           2'170
    stm32f4xx_hal_pcd.o           1'782
    stm32f4xx_hal_pcd_ex.o            2
    stm32f4xx_hal_rcc.o           1'232
    stm32f4xx_hal_rcc_ex.o          304
    stm32f4xx_hal_rng.o              50
    stm32f4xx_hal_rtc.o             288
    stm32f4xx_hal_spi.o             996
    stm32f4xx_hal_tim.o           1'878
    stm32f4xx_hal_tim_ex.o          228
    stm32f4xx_hal_uart.o            644
    stm32f4xx_ll_usb.o            1'476
    -----------------------------------------------------
    Total:                       15'518        2       12

E:\平衡步兵\hero_to_balance\hero_to_balance2023.11.1 (3508电机)\EWARM\standard_robot\Obj\Middlewares\FreeRTOS: [11]
    cmsis_os.o                      130
    heap_4.o                        432            24'608
    list.o                          146
    port.o                          494        2       12
    portasm.o                       176
    queue.o                       1'412                64
    tasks.o                       2'700               296
    timers.o                        852               292
    -----------------------------------------------------
    Total:                        6'342        2   25'272

E:\平衡步兵\hero_to_balance\hero_to_balance2023.11.1 (3508电机)\EWARM\standard_robot\Obj\Middlewares\USB_Device_Library: [12]
    usbd_core.o                     634
    usbd_ctlreq.o                 1'112                 1
    usbd_ioreq.o                     76
    -----------------------------------------------------
    Total:                        1'822                 1

dl7M_tlf.a: [13]
    abort.o                           6
    dlmalloc.o                    4'004               496
    exit.o                            4
    low_level_init.o                  4
    xgetmemchunk.o                   44                 4
    -----------------------------------------------------
    Total:                        4'062               500

m7M_tls.a: [14]
    DblAddSub.o                     590
    DblMul.o                        426
    DblToFlt.o                      104
    FltToDbl.o                       72
    acosf.o                         100
    asinf.o                          92
    atan2f.o                        106
    fpinit_M.o                       34
    sqrtf.o                          30
    xatanf.o                        164
    -----------------------------------------------------
    Total:                        1'718

rt7M_tl.a: [15]
    ABImemclr.o                       6
    ABImemclr4.o                      6
    ABImemcpy_small.o                24
    ABImemset48.o                    58
    ABImemset_small.o                18
    I64DivMod_small.o               262
    I64DivZer.o                       2
    cexit.o                          10
    cmain.o                          30
    cstartup_M.o                     28
    data_init.o                      40
    lz77_init_single.o              120
    memset.o                         20
    strlen_small.o                   20
    zero_init3.o                     56
    -----------------------------------------------------
    Total:                          700

shb_l.a: [16]
    exit.o                           20
    -----------------------------------------------------
    Total:                           20

    Gaps                             52        4
    Linker created                            32   16'384
---------------------------------------------------------
    Grand Total:                 62'836    1'297   57'501


*******************************************************************************
*** ENTRY LIST
***

Entry                       Address    Size  Type      Object
-----                       -------    ----  ----      ------
.iar.init_table$$Base    0x800'f7a0           --   Gb  - Linker created -
.iar.init_table$$Limit   0x800'f7c0           --   Gb  - Linker created -
?main                    0x800'f7c1          Code  Gb  cmain.o [15]
AHBPrescTable            0x800'f6b0    0x10  Data  Gb  system_stm32f4xx.o [9]
AHRS_init                0x800'58a3    0x10  Code  Gb  INS_task.o [8]
AHRS_update              0x800'58b3    0x1c  Code  Gb  INS_task.o [8]
ALL_Key_Process          0x800'd7b5    0x34  Code  Gb  zn_interaction.o [4]
ANO_DT_Send_Data         0x800'f2b9    0x10  Code  Gb  ANO_DT.o [6]
ANO_DT_Send_Senser       0x800'f2c9    0xc0  Code  Gb  ANO_DT.o [6]
APBPrescTable            0x800'f88c     0x8  Data  Gb  system_stm32f4xx.o [9]
AppTaskCreateHandle     0x2000'a074     0x4  Data  Gb  freertos.o [2]
AppTaskCreate_task       0x800'2079    0x72  Code  Gb  freertos.o [2]
AppTaskCreate_task::os_thread_def_BATTERY_VOLTAGE
                         0x800'21c0    0x1c  Data  Lc  freertos.o [2]
AppTaskCreate_task::os_thread_def_Display
                         0x800'21f8    0x1c  Data  Lc  freertos.o [2]
AppTaskCreate_task::os_thread_def_REFEREE
                         0x800'21a4    0x1c  Data  Lc  freertos.o [2]
AppTaskCreate_task::os_thread_def_ZN_chassis_task
                         0x800'2150    0x1c  Data  Lc  freertos.o [2]
AppTaskCreate_task::os_thread_def_gimbalTask
                         0x800'216c    0x1c  Data  Lc  freertos.o [2]
AppTaskCreate_task::os_thread_def_imuTask
                         0x800'21dc    0x1c  Data  Lc  freertos.o [2]
AppTaskCreate_task::os_thread_def_led
                         0x800'2118    0x1c  Data  Lc  freertos.o [2]
AppTaskCreate_task::os_thread_def_shootTask
                         0x800'2188    0x1c  Data  Lc  freertos.o [2]
AppTaskCreate_task::os_thread_def_slideblock
                         0x800'2134    0x1c  Data  Lc  freertos.o [2]
Assign_To_M3508_angle    0x800'bb57    0x32  Code  Gb  zn_motor.o [4]
Assign_To_M6020_angle    0x800'bb3b    0x1c  Code  Gb  zn_motor.o [4]
Assign_To_Motor_speed    0x800'bb37     0x4  Code  Gb  zn_motor.o [4]
BMI088                  0x2000'9e84    0x34  Data  Gb  BMI088driver.o [5]
BMI088_ACCEL_NS_H        0x800'4a7d     0x2  Code  Gb  BMI088Middleware.o [5]
BMI088_ACCEL_NS_L        0x800'4a79     0x4  Code  Gb  BMI088Middleware.o [5]
BMI088_ACCEL_SEN        0x2000'0318     0x4  Data  Gb  BMI088driver.o [5]
BMI088_GYRO_NS_H         0x800'4a8b     0x2  Code  Gb  BMI088Middleware.o [5]
BMI088_GYRO_NS_L         0x800'4a87     0x4  Code  Gb  BMI088Middleware.o [5]
BMI088_GYRO_SEN         0x2000'031c     0x4  Data  Gb  BMI088driver.o [5]
BMI088_Read              0x800'476d    0xec  Code  Gb  BMI088driver.o [5]
BMI088_Read::buf        0x2000'0300     0x8  Data  Lc  BMI088driver.o [5]
BMI088_SPI              0x2000'a06c     0x4  Data  Gb  BMI088Middleware.o [5]
BMI088_accel_read_over   0x800'454d    0x4e  Code  Gb  BMI088driver.o [5]
BMI088_delay_ms          0x800'4a71     0x4  Code  Gb  BMI088Middleware.o [5]
BMI088_delay_us          0x800'4a75     0x4  Code  Gb  BMI088Middleware.o [5]
BMI088_gyro_read_over    0x800'45ab    0x34  Code  Gb  BMI088driver.o [5]
BMI088_init              0x800'3f7d    0x58  Code  Gb  BMI088driver.o [5]
BMI088_read              0x800'4619    0xbc  Code  Gb  BMI088driver.o [5]
BMI088_read_muli_reg     0x800'48c7    0x1e  Code  Lc  BMI088driver.o [5]
BMI088_read_single_reg   0x800'48af    0x10  Code  Lc  BMI088driver.o [5]
BMI088_read_write_byte   0x800'4a95    0x1c  Code  Gb  BMI088Middleware.o [5]
BMI088_temperature_read_over
                         0x800'4521    0x2a  Code  Gb  BMI088driver.o [5]
BMI088_write_single_reg
                         0x800'489d    0x12  Code  Lc  BMI088driver.o [5]
BodyFrameToEarthFrame    0x800'6aa9    0xc2  Code  Gb  ins.o [5]
BusFault_Handler         0x800'f4ef     0x2  Code  Gb  stm32f4xx_it.o [2]
CAN1_RX0_IRQHandler      0x800'f51f     0x6  Code  Gb  stm32f4xx_it.o [2]
CAN2_RX0_IRQHandler      0x800'f537     0x6  Code  Gb  stm32f4xx_it.o [2]
CAN_Set_Current          0x800'b8d1   0x14c  Code  Gb  CAN_receive.o [4]
CHASSIS_Single_Loop_Out
                         0x800'dbf7    0x22  Code  Gb  zn_chassis_task.o [8]
CPU_FREQ_Hz             0x2000'9f88     0x4  Data  Lc  bsp_dwt.o [3]
CPU_FREQ_Hz_ms          0x2000'9f8c     0x4  Data  Lc  bsp_dwt.o [3]
CPU_FREQ_Hz_us          0x2000'9f90     0x4  Data  Lc  bsp_dwt.o [3]
CRC16_INIT              0x2000'0584     0x2  Data  Gb  CRC8_CRC16.o [7]
CRC8_table               0x800'f00c   0x100  Data  Gb  CRC8_CRC16.o [7]
CSTACK$$Base            0x2000'a0a0           --   Gb  - Linker created -
CSTACK$$Limit           0x2000'c0a0           --   Gb  - Linker created -
CYCCNT64                0x2000'9f80     0x8  Data  Gb  bsp_dwt.o [3]
CYCCNT_LAST             0x2000'9f98     0x4  Data  Lc  bsp_dwt.o [3]
CYCCNT_RountCount       0x2000'9f94     0x4  Data  Lc  bsp_dwt.o [3]
Calibrate_MPU_Offset     0x800'3fd5   0x336  Code  Lc  BMI088driver.o [5]
Calibrate_MPU_Offset::startTime
                        0x2000'0324     0x4  Data  Lc  BMI088driver.o [5]
DJI_RC                  0x2000'9554    0x1c  Data  Gb  remote_control.o [4]
DMA1_Stream7_IRQHandler
                         0x800'f6c1    0x42  Code  Gb  bsp_i2c.o [3]
DMA2_Stream1_IRQHandler
                         0x800'f531     0x6  Code  Gb  stm32f4xx_it.o [2]
DMA2_Stream2_IRQHandler
                         0x800'56dd   0x1c6  Code  Gb  INS_task.o [8]
DMA2_Stream6_IRQHandler
                         0x800'f543     0x6  Code  Gb  stm32f4xx_it.o [2]
DMA2_Stream7_IRQHandler
                         0x800'f549     0x6  Code  Gb  stm32f4xx_it.o [2]
DMA_CalcBaseAndBitshift
                         0x800'724d    0x26  Code  Lc  stm32f4xx_hal_dma.o [10]
DMA_CalcBaseAndBitshift::flagBitshiftOffset
                         0x800'7274     0x8  Data  Lc  stm32f4xx_hal_dma.o [10]
DWT_CNT_Update           0x800'4a0b    0x20  Code  Lc  bsp_dwt.o [3]
DWT_Delay                0x800'4a2b    0x2a  Code  Gb  bsp_dwt.o [3]
DWT_GetDeltaT            0x800'491d    0x3e  Code  Gb  bsp_dwt.o [3]
DWT_GetTimeline_s        0x800'49cd    0x26  Code  Gb  bsp_dwt.o [3]
DWT_Init                 0x800'48e5    0x38  Code  Gb  bsp_dwt.o [3]
DWT_SysTimeUpdate        0x800'495b    0x70  Code  Gb  bsp_dwt.o [3]
Data_can1               0x2000'9634    0x20  Data  Gb  CAN_receive.o [4]
Data_can2               0x2000'9654    0x20  Data  Gb  CAN_receive.o [4]
DebugMon_Handler         0x800'f4f3     0x2  Code  Gb  stm32f4xx_it.o [2]
EXTI0_IRQHandler         0x800'f50d     0x6  Code  Gb  stm32f4xx_it.o [2]
EXTI3_IRQHandler         0x800'f513     0x6  Code  Gb  stm32f4xx_it.o [2]
EXTI4_IRQHandler         0x800'f519     0x6  Code  Gb  stm32f4xx_it.o [2]
EXTI9_5_IRQHandler       0x800'f525     0x6  Code  Gb  stm32f4xx_it.o [2]
EarthFrameToBodyFrame    0x800'6b6b    0xc0  Code  Gb  ins.o [5]
Error_Handler            0x800'5e09     0x4  Code  Gb  main.o [2]
Gimbal_Mode_Change       0x800'e549    0x52  Code  Gb  zn_gimbal_task.o [8]
HAL_ADC_ConfigChannel    0x800'a9ed   0x110  Code  Gb  stm32f4xx_hal_adc.o [10]
HAL_ADC_GetValue         0x800'a9e7     0x6  Code  Gb  stm32f4xx_hal_adc.o [10]
HAL_ADC_Init             0x800'a691   0x156  Code  Gb  stm32f4xx_hal_adc.o [10]
HAL_ADC_MspInit          0x800'7643    0x7e  Code  Gb  adc.o [2]
HAL_ADC_PollForConversion
                         0x800'a877    0xa6  Code  Gb  stm32f4xx_hal_adc.o [10]
HAL_ADC_Start            0x800'a7fb    0x7c  Code  Gb  stm32f4xx_hal_adc.o [10]
HAL_CAN_ActivateNotification
                         0x800'af63    0x16  Code  Gb  stm32f4xx_hal_can.o [10]
HAL_CAN_AddTxMessage     0x800'ad95    0xc4  Code  Gb  stm32f4xx_hal_can.o [10]
HAL_CAN_ConfigFilter     0x800'ac41    0xc0  Code  Gb  stm32f4xx_hal_can.o [10]
HAL_CAN_GetRxMessage     0x800'ae6b    0xe4  Code  Gb  stm32f4xx_hal_can.o [10]
HAL_CAN_IRQHandler       0x800'af7f   0x1fa  Code  Gb  stm32f4xx_hal_can.o [10]
HAL_CAN_Init             0x800'ab49    0xe6  Code  Gb  stm32f4xx_hal_can.o [10]
HAL_CAN_MspInit          0x800'7725    0xc6  Code  Gb  can.o [2]
HAL_CAN_RxFifo0MsgPendingCallback
                         0x800'b801    0x50  Code  Gb  CAN_receive.o [4]
HAL_CAN_Start            0x800'ad13    0x4c  Code  Gb  stm32f4xx_hal_can.o [10]
HAL_CRC_Init             0x800'b4dd    0x20  Code  Gb  stm32f4xx_hal_crc.o [10]
HAL_CRC_MspInit          0x800'82e1    0x26  Code  Gb  crc.o [2]
HAL_DMA_IRQHandler       0x800'708b   0x188  Code  Gb  stm32f4xx_hal_dma.o [10]
HAL_DMA_Init             0x800'6f9d    0xee  Code  Gb  stm32f4xx_hal_dma.o [10]
HAL_GPIO_EXTI_Callback   0x800'5561    0x80  Code  Gb  INS_task.o [8]
HAL_GPIO_EXTI_Callback{1}{4}{5}{8}{9}{11}{12}{13}{14}{15}::xHigherPriorityTaskWoken
                        0x2000'03ac     0x4  Data  Lc  INS_task.o [8]
HAL_GPIO_EXTI_IRQHandler
                         0x800'4e37    0x12  Code  Gb  stm32f4xx_hal_gpio.o [10]
HAL_GPIO_Init            0x800'4c59   0x1d6  Code  Gb  stm32f4xx_hal_gpio.o [10]
HAL_GPIO_WritePin        0x800'4e2f     0x8  Code  Gb  stm32f4xx_hal_gpio.o [10]
HAL_GetTick              0x800'5bc1     0xc  Code  Wk  stm32f4xx_hal.o [10]
HAL_I2C_Init             0x800'9cd1   0x12e  Code  Gb  stm32f4xx_hal_i2c.o [10]
HAL_I2C_Mem_Read         0x800'9f7b   0x120  Code  Gb  stm32f4xx_hal_i2c.o [10]
HAL_I2C_Mem_Write        0x800'9e45    0xd0  Code  Gb  stm32f4xx_hal_i2c.o [10]
HAL_I2C_MspInit          0x800'788b   0x13c  Code  Gb  i2c.o [2]
HAL_IncTick              0x800'f56d    0x10  Code  Wk  stm32f4xx_hal.o [10]
HAL_Init                 0x800'72fd    0x30  Code  Gb  stm32f4xx_hal.o [10]
HAL_InitTick             0x800'a611    0x40  Code  Wk  stm32f4xx_hal.o [10]
HAL_MspInit              0x800'a651    0x40  Code  Gb  stm32f4xx_hal_msp.o [2]
HAL_NVIC_EnableIRQ       0x800'a5bb    0x16  Code  Gb  stm32f4xx_hal_cortex.o [10]
HAL_NVIC_SetPriority     0x800'a581    0x3a  Code  Gb  stm32f4xx_hal_cortex.o [10]
HAL_NVIC_SetPriorityGrouping
                         0x800'a567    0x1a  Code  Gb  stm32f4xx_hal_cortex.o [10]
HAL_PCDEx_LPM_Callback   0x800'ce43     0x2  Code  Wk  stm32f4xx_hal_pcd_ex.o [10]
HAL_PCD_ConnectCallback
                         0x800'cda5     0x8  Code  Gb  usbd_conf.o [2]
HAL_PCD_DataInStageCallback
                         0x800'cd1d    0x12  Code  Gb  usbd_conf.o [2]
HAL_PCD_DataOutStageCallback
                         0x800'cd09    0x14  Code  Gb  usbd_conf.o [2]
HAL_PCD_DisconnectCallback
                         0x800'cdad     0x8  Code  Gb  usbd_conf.o [2]
HAL_PCD_EP_ClrStall      0x800'c6d3    0x2e  Code  Gb  stm32f4xx_hal_pcd.o [10]
HAL_PCD_EP_Open          0x800'c5ab    0x56  Code  Gb  stm32f4xx_hal_pcd.o [10]
HAL_PCD_EP_Receive       0x800'c601    0x16  Code  Gb  stm32f4xx_hal_pcd.o [10]
HAL_PCD_EP_SetStall      0x800'c667    0x64  Code  Gb  stm32f4xx_hal_pcd.o [10]
HAL_PCD_EP_Transmit      0x800'c617    0x12  Code  Gb  stm32f4xx_hal_pcd.o [10]
HAL_PCD_IRQHandler       0x800'c041   0x530  Code  Gb  stm32f4xx_hal_pcd.o [10]
HAL_PCD_ISOINIncompleteCallback
                         0x800'cd9d     0x8  Code  Gb  usbd_conf.o [2]
HAL_PCD_ISOOUTIncompleteCallback
                         0x800'cd95     0x8  Code  Gb  usbd_conf.o [2]
HAL_PCD_ResetCallback    0x800'cd37    0x2c  Code  Gb  usbd_conf.o [2]
HAL_PCD_ResumeCallback   0x800'cd8d     0x8  Code  Gb  usbd_conf.o [2]
HAL_PCD_SOFCallback      0x800'cd2f     0x8  Code  Gb  usbd_conf.o [2]
HAL_PCD_SetAddress       0x800'c589    0x22  Code  Gb  stm32f4xx_hal_pcd.o [10]
HAL_PCD_SetupStageCallback
                         0x800'ccfd     0xc  Code  Gb  usbd_conf.o [2]
HAL_PCD_SuspendCallback
                         0x800'cd63    0x2a  Code  Gb  usbd_conf.o [2]
HAL_RCCEx_PeriphCLKConfig
                         0x800'b651   0x108  Code  Gb  stm32f4xx_hal_rcc_ex.o [10]
HAL_RCC_CAN1_CLK_ENABLED
                        0x2000'a070     0x4  Data  Lc  can.o [2]
HAL_RCC_ClockConfig      0x800'8a4d   0x100  Code  Gb  stm32f4xx_hal_rcc.o [10]
HAL_RCC_GetHCLKFreq      0x800'8b59     0x6  Code  Gb  stm32f4xx_hal_rcc.o [10]
HAL_RCC_GetPCLK1Freq     0x800'8b5f    0x10  Code  Gb  stm32f4xx_hal_rcc.o [10]
HAL_RCC_GetPCLK2Freq     0x800'8b6f     0xe  Code  Gb  stm32f4xx_hal_rcc.o [10]
HAL_RCC_OscConfig        0x800'8731   0x31c  Code  Wk  stm32f4xx_hal_rcc.o [10]
HAL_RNG_Init             0x800'b4fd    0x32  Code  Gb  stm32f4xx_hal_rng.o [10]
HAL_RNG_MspInit          0x800'832d    0x26  Code  Gb  rng.o [2]
HAL_RTC_Init             0x800'b531    0x8e  Code  Gb  stm32f4xx_hal_rtc.o [10]
HAL_RTC_MspInit          0x800'838d    0x32  Code  Gb  rtc.o [2]
HAL_RTC_WaitForSynchro   0x800'b5e9    0x32  Code  Gb  stm32f4xx_hal_rtc.o [10]
HAL_SPI_Init             0x800'4e79    0xb6  Code  Gb  stm32f4xx_hal_spi.o [10]
HAL_SPI_MspInit          0x800'5a4b   0x136  Code  Gb  spi.o [2]
HAL_SPI_TransmitReceive
                         0x800'4f2f   0x1b0  Code  Gb  stm32f4xx_hal_spi.o [10]
HAL_SYSTICK_Config       0x800'a5d1    0x28  Code  Gb  stm32f4xx_hal_cortex.o [10]
HAL_TIMEx_BreakCallback
                         0x800'b7e9     0x2  Code  Wk  stm32f4xx_hal_tim_ex.o [10]
HAL_TIMEx_CommutCallback
                         0x800'b7ed     0x2  Code  Wk  stm32f4xx_hal_tim_ex.o [10]
HAL_TIMEx_ConfigBreakDeadTime
                         0x800'b205    0x54  Code  Gb  stm32f4xx_hal_tim_ex.o [10]
HAL_TIMEx_MasterConfigSynchronization
                         0x800'b179    0x6e  Code  Gb  stm32f4xx_hal_tim_ex.o [10]
HAL_TIM_Base_Init        0x800'926d    0x1a  Code  Gb  stm32f4xx_hal_tim.o [10]
HAL_TIM_Base_MspInit     0x800'7d1b    0xa4  Code  Gb  tim.o [2]
HAL_TIM_Base_Start       0x800'9287    0x6c  Code  Gb  stm32f4xx_hal_tim.o [10]
HAL_TIM_ConfigClockSource
                         0x800'964f    0xaa  Code  Gb  stm32f4xx_hal_tim.o [10]
HAL_TIM_IRQHandler       0x800'9439   0x142  Code  Gb  stm32f4xx_hal_tim.o [10]
HAL_TIM_MspPostInit      0x800'7dbf   0x198  Code  Gb  tim.o [2]
HAL_TIM_PWM_ConfigChannel
                         0x800'958b    0xb6  Code  Gb  stm32f4xx_hal_tim.o [10]
HAL_TIM_PWM_Init         0x800'931b    0x1a  Code  Gb  stm32f4xx_hal_tim.o [10]
HAL_TIM_PWM_Start        0x800'9335    0x96  Code  Gb  stm32f4xx_hal_tim.o [10]
HAL_UART_Init            0x800'b259    0x1e  Code  Gb  stm32f4xx_hal_uart.o [10]
HAL_UART_MspInit         0x800'8063   0x1e8  Code  Gb  usart.o [2]
HAL_UART_Transmit        0x800'b2d3    0xb0  Code  Gb  stm32f4xx_hal_uart.o [10]
HEAP$$Base              0x2000'c0a0           --   Gb  - Linker created -
HEAP$$Limit             0x2000'e0a0           --   Gb  - Linker created -
HardFault_Handler        0x800'f4eb     0x2  Code  Gb  stm32f4xx_it.o [2]
I2C_IsAcknowledgeFailed
                         0x800'a519    0x32  Code  Lc  stm32f4xx_hal_i2c.o [10]
I2C_RequestMemoryRead    0x800'a271    0xb6  Code  Lc  stm32f4xx_hal_i2c.o [10]
I2C_RequestMemoryWrite   0x800'a1c3    0x90  Code  Lc  stm32f4xx_hal_i2c.o [10]
I2C_WaitOnBTFFlagUntilTimeout
                         0x800'a485    0x3a  Code  Lc  stm32f4xx_hal_i2c.o [10]
I2C_WaitOnFlagUntilTimeout
                         0x800'a359    0x50  Code  Lc  stm32f4xx_hal_i2c.o [10]
I2C_WaitOnMasterAddressFlagUntilTimeout
                         0x800'a3a9    0x76  Code  Lc  stm32f4xx_hal_i2c.o [10]
I2C_WaitOnRXNEFlagUntilTimeout
                         0x800'a4bf    0x46  Code  Lc  stm32f4xx_hal_i2c.o [10]
I2C_WaitOnTXEFlagUntilTimeout
                         0x800'a42f    0x3a  Code  Lc  stm32f4xx_hal_i2c.o [10]
IMU_Param               0x2000'9674    0x1c  Data  Gb  ins.o [5]
IMU_Param_Correction::c_11
                        0x2000'96a8     0x4  Data  Lc  ins.o [5]
IMU_Param_Correction::c_12
                        0x2000'96ac     0x4  Data  Lc  ins.o [5]
IMU_Param_Correction::c_13
                        0x2000'96b0     0x4  Data  Lc  ins.o [5]
IMU_Param_Correction::c_21
                        0x2000'96b4     0x4  Data  Lc  ins.o [5]
IMU_Param_Correction::c_22
                        0x2000'96b8     0x4  Data  Lc  ins.o [5]
IMU_Param_Correction::c_23
                        0x2000'96bc     0x4  Data  Lc  ins.o [5]
IMU_Param_Correction::c_31
                        0x2000'96c0     0x4  Data  Lc  ins.o [5]
IMU_Param_Correction::c_32
                        0x2000'96c4     0x4  Data  Lc  ins.o [5]
IMU_Param_Correction::c_33
                        0x2000'96c8     0x4  Data  Lc  ins.o [5]
IMU_Param_Correction::lastPitchOffset
                        0x2000'96a0     0x4  Data  Lc  ins.o [5]
IMU_Param_Correction::lastRollOffset
                        0x2000'96a4     0x4  Data  Lc  ins.o [5]
IMU_Param_Correction::lastYawOffset
                        0x2000'969c     0x4  Data  Lc  ins.o [5]
IMU_QuaternionEKF_F      0x800'f458    0x90  Data  Gb  QuaternionEKF.o [5]
IMU_QuaternionEKF_F_Linearization_P_Fading
                         0x800'30c1   0x132  Code  Lc  QuaternionEKF.o [5]
IMU_QuaternionEKF_H     0x2000'02b8    0x48  Data  Gb  QuaternionEKF.o [5]
IMU_QuaternionEKF_Init   0x800'2c75    0xc2  Code  Gb  QuaternionEKF.o [5]
IMU_QuaternionEKF_K     0x2000'0270    0x48  Data  Gb  QuaternionEKF.o [5]
IMU_QuaternionEKF_Observe
                         0x800'35b5    0x30  Code  Lc  QuaternionEKF.o [5]
IMU_QuaternionEKF_P     0x2000'01e0    0x90  Data  Gb  QuaternionEKF.o [5]
IMU_QuaternionEKF_SetH   0x800'31f9    0x80  Code  Lc  QuaternionEKF.o [5]
IMU_QuaternionEKF_Update
                         0x800'2d3d   0x34a  Code  Gb  QuaternionEKF.o [5]
IMU_QuaternionEKF_xhatUpdate
                         0x800'3299   0x31c  Code  Lc  QuaternionEKF.o [5]
IMU_Temperature_Ctrl     0x800'6c55    0x48  Code  Gb  ins.o [5]
INS                     0x2000'94d4    0x80  Data  Gb  ins.o [5]
INS_DWT_Count           0x2000'96cc     0x4  Data  Gb  ins.o [5]
INS_Init                 0x800'6689    0x84  Code  Gb  ins.o [5]
INS_Task                 0x800'6725   0x352  Code  Gb  ins.o [5]
INS_Task::count         0x2000'9698     0x4  Data  Lc  ins.o [5]
INS_Task::gravity        0x800'6cf4     0xc  Data  Lc  ins.o [5]
INS_accel               0x2000'039c     0xc  Data  Lc  INS_task.o [8]
INS_angle               0x2000'043c     0xc  Data  Gb  INS_task.o [8]
INS_gyro                0x2000'0414     0xc  Data  Gb  INS_task.o [8]
INS_mag                 0x2000'0420     0xc  Data  Lc  INS_task.o [8]
INS_quat                0x2000'042c    0x10  Data  Lc  INS_task.o [8]
INS_task                 0x800'5261   0x21c  Code  Gb  INS_task.o [8]
INS_task_local_handler  0x2000'03a8     0x4  Data  Lc  INS_task.o [8]
Kalman_Filter_Init       0x800'3641   0x2a8  Code  Gb  kalman_filter.o [5]
Kalman_Filter_Measure    0x800'3957   0x10a  Code  Gb  kalman_filter.o [5]
Kalman_Filter_P_Update   0x800'3c51    0x5e  Code  Gb  kalman_filter.o [5]
Kalman_Filter_PminusUpdate
                         0x800'3ad1    0x5a  Code  Gb  kalman_filter.o [5]
Kalman_Filter_SetK       0x800'3b2b    0xae  Code  Gb  kalman_filter.o [5]
Kalman_Filter_Update     0x800'3caf    0xd4  Code  Gb  kalman_filter.o [5]
Kalman_Filter_xhatMinusUpdate
                         0x800'3a6d    0x58  Code  Gb  kalman_filter.o [5]
Kalman_Filter_xhatUpdate
                         0x800'3bd9    0x78  Code  Gb  kalman_filter.o [5]
Key_F                   0x2000'a04c     0x8  Data  Gb  zn_interaction.o [4]
Key_R                   0x2000'a044     0x8  Data  Gb  zn_interaction.o [4]
Key_SHIFT               0x2000'a064     0x8  Data  Gb  zn_interaction.o [4]
Key_X                   0x2000'a05c     0x8  Data  Gb  zn_interaction.o [4]
Key_Z                   0x2000'a054     0x8  Data  Gb  zn_interaction.o [4]
Key_pressed_AD           0x800'd5bd    0x54  Code  Gb  zn_interaction.o [4]
Key_pressed_F            0x800'd6bb    0x36  Code  Gb  zn_interaction.o [4]
Key_pressed_QE           0x800'd621    0x56  Code  Gb  zn_interaction.o [4]
Key_pressed_R            0x800'd677    0x44  Code  Gb  zn_interaction.o [4]
Key_pressed_SHIFT        0x800'd751    0x30  Code  Gb  zn_interaction.o [4]
Key_pressed_WS           0x800'd565    0x56  Code  Gb  zn_interaction.o [4]
Key_pressed_X            0x800'd6f1    0x30  Code  Gb  zn_interaction.o [4]
Key_pressed_Z            0x800'd721    0x30  Code  Gb  zn_interaction.o [4]
LQR_k1                  0x2000'9abc    0x48  Data  Gb  zn_motor.o [4]
LQR_k2                  0x2000'9b04    0x48  Data  Gb  zn_motor.o [4]
LQR_k3                  0x2000'9b4c    0x48  Data  Gb  zn_motor.o [4]
LQR_k4                  0x2000'9b94    0x48  Data  Gb  zn_motor.o [4]
LQR_k5                  0x2000'9bdc    0x48  Data  Gb  zn_motor.o [4]
LQR_k6                  0x2000'9c24    0x48  Data  Gb  zn_motor.o [4]
M3508_angle_cal          0x800'bd71    0x78  Code  Gb  zn_motor.o [4]
M6020_angle_cal          0x800'bcbd    0xb0  Code  Gb  zn_motor.o [4]
MX_ADC1_Init             0x800'75c5    0x18  Code  Gb  adc.o [2]
MX_ADC3_Init             0x800'75dd    0x16  Code  Gb  adc.o [2]
MX_CAN1_Init             0x800'76dd    0x10  Code  Gb  can.o [2]
MX_CAN2_Init             0x800'76ed    0x10  Code  Gb  can.o [2]
MX_CRC_Init              0x800'82c9    0x18  Code  Gb  crc.o [2]
MX_DMA_Init              0x800'751d    0xa8  Code  Gb  dma.o [2]
MX_FREERTOS_Init         0x800'2069    0x10  Code  Gb  freertos.o [2]
MX_FREERTOS_Init::os_thread_def_AppTaskCreate
                         0x800'20fc    0x1c  Data  Lc  freertos.o [2]
MX_GPIO_Init             0x800'7331   0x1bc  Code  Gb  gpio.o [2]
MX_I2C1_Init             0x800'7831    0x12  Code  Gb  i2c.o [2]
MX_I2C2_Init             0x800'7843    0x12  Code  Gb  i2c.o [2]
MX_I2C3_Init             0x800'7879    0x12  Code  Gb  i2c.o [2]
MX_RNG_Init              0x800'8315    0x18  Code  Gb  rng.o [2]
MX_RTC_Init              0x800'8361    0x2c  Code  Gb  rtc.o [2]
MX_SPI1_Init             0x800'59f5    0x10  Code  Gb  spi.o [2]
MX_SPI2_Init             0x800'5a05    0x10  Code  Gb  spi.o [2]
MX_TIM10_Init            0x800'7cbb    0x50  Code  Gb  tim.o [2]
MX_TIM1_Init             0x800'7a15    0x6a  Code  Gb  tim.o [2]
MX_TIM3_Init             0x800'7a8d    0x2c  Code  Gb  tim.o [2]
MX_TIM4_Init             0x800'7acd    0x2c  Code  Gb  tim.o [2]
MX_TIM5_Init             0x800'7b5b    0x76  Code  Gb  tim.o [2]
MX_TIM8_Init             0x800'7bef    0x52  Code  Gb  tim.o [2]
MX_USART1_UART_Init      0x800'7ff5    0x10  Code  Gb  usart.o [2]
MX_USART3_UART_Init      0x800'8005    0x2a  Code  Gb  usart.o [2]
MX_USART6_UART_Init      0x800'8037    0x10  Code  Gb  usart.o [2]
MahonyAHRSupdateIMU      0x800'6d51   0x104  Code  Gb  MahonyAHRS.o [5]
MemManage_Handler        0x800'f4ed     0x2  Code  Gb  stm32f4xx_it.o [2]
Motor_All_Para_Init      0x800'bab9    0x7e  Code  Gb  zn_motor.o [4]
Motor_imuspeed_cal       0x800'e78d    0x78  Code  Gb  zn_gimbal_motor.o [4]
Motor_message_Init       0x800'bb8f    0x42  Code  Gb  zn_motor.o [4]
Motor_speed_cal          0x800'bbd1    0xea  Code  Gb  zn_motor.o [4]
Mouse_Left               0x800'd781    0x2c  Code  Gb  zn_interaction.o [4]
NMI_Handler              0x800'f4e9     0x2  Code  Gb  stm32f4xx_it.o [2]
OLS_Derivative           0x800'9a95   0x14a  Code  Gb  zn_lib.o [4]
OLS_Init                 0x800'9a35    0x58  Code  Gb  zn_lib.o [4]
OTG_FS_IRQHandler        0x800'f53d     0x6  Code  Gb  stm32f4xx_it.o [2]
OUT_current             0x2000'9eec    0x30  Data  Gb  CAN_receive.o [4]
Offset_PID              0x2000'9c6c    0x48  Data  Gb  zn_motor.o [4]
PID_Calculate            0x800'8c2d   0x41e  Code  Gb  zn_pid.o [4]
PID_Init                 0x800'8ba1    0x86  Code  Gb  zn_pid.o [4]
PID_calc                 0x800'be9d   0x152  Code  Gb  zn_motor.o [4]
PID_init                 0x800'c009    0x36  Code  Gb  zn_motor.o [4]
PendSV_Handler           0x800'25a5          Code  Gb  portasm.o [11]
QEKF_INS                0x2000'0000   0x1e0  Data  Gb  QuaternionEKF.o [5]
RAMP_float               0x800'99b9    0x38  Code  Gb  zn_lib.o [4]
RC_control_remove        0x800'd869    0xe8  Code  Gb  zn_interaction.o [4]
RC_control_shot          0x800'd951    0x3a  Code  Gb  zn_interaction.o [4]
RC_control_shot::time_flag
                        0x2000'a09c     0x2  Data  Lc  zn_interaction.o [4]
RC_init                  0x800'842d    0x4e  Code  Gb  remote_control.o [4]
RGB_flow_color          0x2000'04cc    0x1c  Data  Gb  led_flow_task.o [8]
ROBOT_Para_Init          0x800'd7ed    0x7c  Code  Gb  zn_interaction.o [4]
RTC_EnterInitMode        0x800'b61b    0x36  Code  Gb  stm32f4xx_hal_rtc.o [10]
RefTemp                 0x2000'0354     0x4  Data  Gb  ins.o [5]
Region$$Table$$Base      0x800'f7a0           --   Gb  - Linker created -
Region$$Table$$Limit     0x800'f7c0           --   Gb  - Linker created -
Remote_TASK_ALL          0x800'd98b    0x6c  Code  Gb  zn_interaction.o [4]
Robot1                  0x2000'8fb8    0xe0  Data  Gb  zn_interaction.o [4]
RxMessage               0x2000'9618    0x1c  Data  Gb  CAN_receive.o [4]
SPI1_DMA_enable          0x800'5ef3   0x742  Code  Gb  bsp_spi.o [3]
SPI1_DMA_init            0x800'5e0d    0xe6  Code  Gb  bsp_spi.o [3]
SPI_EndRxTxTransaction   0x800'51f9    0x50  Code  Lc  stm32f4xx_hal_spi.o [10]
SPI_WaitFlagStateUntilTimeout
                         0x800'5139    0xb4  Code  Lc  stm32f4xx_hal_spi.o [10]
[...]
gyro_scale_factor       0x2000'0448    0x24  Data  Gb  INS_task.o [8]
gyro_update_flag        0x2000'0358     0x1  Data  Gb  INS_task.o [8]
hadc1                   0x2000'987c    0x48  Data  Gb  adc.o [2]
hadc3                   0x2000'98c4    0x48  Data  Gb  adc.o [2]
hcan1                   0x2000'9f1c    0x28  Data  Gb  can.o [2]
hcan2                   0x2000'9f44    0x28  Data  Gb  can.o [2]
hcrc                    0x2000'a034     0x8  Data  Gb  crc.o [2]
hdma_i2c2_tx            0x2000'95b8    0x60  Data  Gb  i2c.o [2]
hdma_spi1_rx            0x2000'9098    0x60  Data  Gb  spi.o [2]
hdma_spi1_tx            0x2000'90f8    0x60  Data  Gb  spi.o [2]
hdma_usart1_tx          0x2000'8d14    0x60  Data  Gb  usart.o [2]
hdma_usart3_rx          0x2000'8d74    0x60  Data  Gb  usart.o [2]
hdma_usart6_rx          0x2000'8dd4    0x60  Data  Gb  usart.o [2]
hdma_usart6_tx          0x2000'8e34    0x60  Data  Gb  usart.o [2]
hi2c1                   0x2000'9780    0x54  Data  Gb  i2c.o [2]
hi2c2                   0x2000'97d4    0x54  Data  Gb  i2c.o [2]
hi2c3                   0x2000'9828    0x54  Data  Gb  i2c.o [2]
hpcd_USB_OTG_FS         0x2000'7910   0x408  Data  Gb  usbd_conf.o [2]
hrng                    0x2000'a01c    0x10  Data  Gb  rng.o [2]
hrtc                    0x2000'9fbc    0x20  Data  Gb  rtc.o [2]
hspi1                   0x2000'96d0    0x58  Data  Gb  spi.o [2]
hspi2                   0x2000'9728    0x58  Data  Gb  spi.o [2]
htim1                   0x2000'990c    0x48  Data  Gb  tim.o [2]
htim10                  0x2000'9a74    0x48  Data  Gb  tim.o [2]
htim3                   0x2000'9954    0x48  Data  Gb  tim.o [2]
htim4                   0x2000'999c    0x48  Data  Gb  tim.o [2]
htim5                   0x2000'99e4    0x48  Data  Gb  tim.o [2]
htim8                   0x2000'9a2c    0x48  Data  Gb  tim.o [2]
huart1                  0x2000'9cb4    0x44  Data  Gb  usart.o [2]
huart3                  0x2000'9cf8    0x44  Data  Gb  usart.o [2]
huart6                  0x2000'9d3c    0x44  Data  Gb  usart.o [2]
imuTaskHandle           0x2000'9fac     0x4  Data  Gb  freertos.o [2]
imu_cali_slove           0x800'548b    0xc8  Code  Lc  INS_task.o [8]
imu_cmd_spi_dma          0x800'55e5    0xf8  Code  Lc  INS_task.o [8]
imu_start_dma_flag      0x2000'035c     0x1  Data  Gb  INS_task.o [8]
init_mparams             0x800'01a5    0x2c  Code  Lc  dlmalloc.o [13]
init_referee_struct_data
                         0x800'e87d    0xaa  Code  Gb  referee.o [7]
init_top                 0x800'01d1    0x34  Code  Lc  dlmalloc.o [13]
init_vrefint_reciprocal
                         0x800'f245    0x2e  Code  Gb  bsp_adc.o [3]
integralFBx             0x2000'04f0     0x4  Data  Gb  MahonyAHRS.o [5]
integralFBy             0x2000'04f4     0x4  Data  Gb  MahonyAHRS.o [5]
integralFBz             0x2000'04f8     0x4  Data  Gb  MahonyAHRS.o [5]
invSqrt                  0x800'6f59    0x30  Code  Gb  MahonyAHRS.o [5]
invSqrt                  0x800'35e5    0x30  Code  Lc  QuaternionEKF.o [5]
ist8310_GPIO_init        0x800'727d     0x2  Code  Gb  ist8310driver_middleware.o [5]
ist8310_IIC_read_muli_reg
                         0x800'72c1     0xc  Code  Gb  ist8310driver_middleware.o [5]
ist8310_IIC_read_single_reg
                         0x800'7281    0x1a  Code  Gb  ist8310driver_middleware.o [5]
ist8310_IIC_write_single_reg
                         0x800'729b    0x18  Code  Gb  ist8310driver_middleware.o [5]
ist8310_RST_H            0x800'72e7     0x4  Code  Gb  ist8310driver_middleware.o [5]
ist8310_RST_L            0x800'72eb     0x2  Code  Gb  ist8310driver_middleware.o [5]
ist8310_com_init         0x800'727f     0x2  Code  Gb  ist8310driver_middleware.o [5]
ist8310_delay_ms         0x800'72df     0x4  Code  Gb  ist8310driver_middleware.o [5]
ist8310_delay_us         0x800'72e3     0x4  Code  Gb  ist8310driver_middleware.o [5]
ist8310_init             0x800'5bcd    0x6c  Code  Gb  ist8310driver.o [5]
ist8310_read_mag         0x800'5c39    0x64  Code  Gb  ist8310driver.o [5]
ist8310_real_data       0x2000'0404    0x10  Data  Gb  INS_task.o [8]
ist8310_write_reg_data_error
                         0x800'5cb0     0xc  Data  Lc  ist8310driver.o [5]
laser_on                 0x800'e6fd     0xc  Code  Gb  bsp_laser.o [3]
led_RGB_flow_handle     0x2000'9f9c     0x4  Data  Gb  freertos.o [2]
led_RGB_flow_task        0x800'eec9    0xf6  Code  Gb  led_flow_task.o [8]
mag_offset              0x2000'04c0     0xc  Data  Gb  INS_task.o [8]
mag_scale_factor        0x2000'0490    0x24  Data  Gb  INS_task.o [8]
mag_update_flag         0x2000'035b     0x1  Data  Gb  INS_task.o [8]
main                     0x800'5cbd    0x9c  Code  Gb  main.o [2]
makeFreeRtosPriority     0x800'2655     0xc  Code  Lc  cmsis_os.o [11]
memset                   0x800'4adb    0x14  Code  Gb  memset.o [15]
mparams                 0x2000'9ff4    0x18  Data  Lc  dlmalloc.o [13]
osDelay                  0x800'26c9     0xe  Code  Gb  cmsis_os.o [11]
osKernelStart            0x800'2661     0xa  Code  Gb  cmsis_os.o [11]
osThreadCreate           0x800'266b    0x5e  Code  Gb  cmsis_os.o [11]
pcTaskGetName            0x800'15e7    0x22  Code  Gb  tasks.o [11]
pid_LQR_k1              0x2000'053c     0xc  Data  Gb  zn_motor.o [4]
pid_LQR_k2              0x2000'0548     0xc  Data  Gb  zn_motor.o [4]
pid_LQR_k3              0x2000'9f6c     0xc  Data  Gb  zn_motor.o [4]
pid_LQR_k4              0x2000'0554     0xc  Data  Gb  zn_motor.o [4]
pid_LQR_k5              0x2000'0560     0xc  Data  Gb  zn_motor.o [4]
pid_LQR_k6              0x2000'056c     0xc  Data  Gb  zn_motor.o [4]
pid_Offset              0x2000'0578     0xc  Data  Gb  zn_motor.o [4]
pitch_motor             0x2000'86a4   0x19c  Data  Gb  zn_motor.o [4]
power_heat_data_t       0x2000'945c    0x10  Data  Gb  referee.o [7]
prvAddCurrentTaskToDelayedList
                         0x800'1b8b    0x66  Code  Lc  tasks.o [11]
prvAddNewTaskToReadyList
                         0x800'12c1    0xa8  Code  Lc  tasks.o [11]
prvCheckForValidListAndQueue
                         0x800'2501    0x4e  Code  Lc  timers.o [11]
prvCheckForValidListAndQueue{1}{2}{3}{4}::ucStaticTimerQueueStorage
                        0x2000'8f18    0xa0  Data  Lc  timers.o [11]
prvCheckForValidListAndQueue{1}{2}{3}{4}::xStaticTimerQueue
                        0x2000'8ed0    0x48  Data  Lc  timers.o [11]
prvCopyDataFromQueue     0x800'2b45    0x28  Code  Lc  queue.o [11]
prvCopyDataToQueue       0x800'2add    0x68  Code  Lc  queue.o [11]
prvDeleteTCB             0x800'198d    0x2e  Code  Lc  tasks.o [11]
prvIdleTask              0x800'194d    0x40  Code  Lc  tasks.o [11]
prvInitialiseNewQueue    0x800'27ad    0x18  Code  Lc  queue.o [11]
prvInitialiseNewTask     0x800'1233    0x8e  Code  Lc  tasks.o [11]
prvInsertBlockIntoFreeList
                         0x800'1d67    0x46  Code  Lc  heap_4.o [11]
prvInsertTimerInActiveList
                         0x800'24cd    0x34  Code  Lc  timers.o [11]
prvIsQueueEmpty          0x800'2bd5    0x16  Code  Lc  queue.o [11]
prvResetNextTaskUnblockTime
                         0x800'19bb    0x1a  Code  Lc  tasks.o [11]
prvSampleTimeNow         0x800'2457    0x76  Code  Lc  timers.o [11]
prvSampleTimeNow::xLastTime
                        0x2000'8ea4     0x4  Data  Lc  timers.o [11]
prvSearchForNameWithinSingleList
                         0x800'1609    0x5c  Code  Lc  tasks.o [11]
prvTaskExitError         0x800'1ea5    0x1c  Code  Lc  port.o [11]
prvTimerTask             0x800'22cd   0x18a  Code  Lc  timers.o [11]
prvUnlockQueue           0x800'2b6d    0x68  Code  Lc  queue.o [11]
pvPortMalloc             0x800'1c01   0x104  Code  Gb  heap_4.o [11]
pxCurrentTCB            0x2000'922c     0x4  Data  Gb  tasks.o [11]
pxCurrentTimerList      0x2000'8e94     0x4  Data  Lc  timers.o [11]
pxDelayedTaskList       0x2000'9230     0x4  Data  Lc  tasks.o [11]
pxEnd                   0x2000'0590     0x4  Data  Lc  heap_4.o [11]
pxOverflowDelayedTaskList
                        0x2000'9234     0x4  Data  Lc  tasks.o [11]
pxOverflowTimerList     0x2000'8e98     0x4  Data  Lc  timers.o [11]
pxPortInitialiseStack    0x800'1e7d    0x26  Code  Gb  port.o [11]
pxReadyTasksLists       0x2000'93c0    0x8c  Data  Lc  tasks.o [11]
referee_data_solve       0x800'e927   0x10e  Code  Gb  referee.o [7]
referee_fifo            0x2000'6a34    0x18  Data  Gb  referee_usart_task.o [8]
referee_fifo_buf        0x2000'6a4c   0x400  Data  Gb  referee_usart_task.o [8]
referee_receive_header  0x2000'9474     0x8  Data  Gb  referee.o [7]
referee_send_header     0x2000'947c     0x8  Data  Gb  referee.o [7]
referee_unpack_obj      0x2000'65a8    0x8c  Data  Gb  referee_usart_task.o [8]
referee_usart_task       0x800'ea39   0x106  Code  Gb  referee_usart_task.o [8]
referee_usart_task_handle
                        0x2000'9fa4     0x4  Data  Gb  freertos.o [2]
referee_warning_t       0x2000'9470     0x2  Data  Gb  referee.o [7]
remote_control_init      0x800'847b     0xc  Code  Gb  remote_control.o [4]
robot_energy_t          0x2000'9472     0x2  Data  Gb  referee.o [7]
robot_hurt_t            0x2000'946e     0x1  Data  Gb  referee.o [7]
robot_state             0x2000'944c    0x10  Data  Gb  referee.o [7]
rotate_motor            0x2000'8360   0x19c  Data  Gb  zn_motor.o [4]
rub_motor_2006          0x2000'8b78   0x19c  Data  Gb  zn_motor.o [4]
rub_motor_L             0x2000'8840   0x19c  Data  Gb  zn_motor.o [4]
rub_motor_R             0x2000'89dc   0x19c  Data  Gb  zn_motor.o [4]
sbus_rx_buf             0x2000'9570    0x48  Data  Lc  remote_control.o [4]
sbus_to_rc               0x800'853b    0xf2  Code  Lc  remote_control.o [4]
segment_holding          0x800'0189    0x1c  Code  Lc  dlmalloc.o [13]
shootTaskHandle         0x2000'9fb4     0x4  Data  Gb  freertos.o [2]
shoot_data_t            0x2000'94c0     0x8  Data  Gb  referee.o [7]
sizeof_double           0x2000'a07a     0x2  Data  Gb  kalman_filter.o [5]
sizeof_float            0x2000'a078     0x2  Data  Gb  kalman_filter.o [5]
slideblockHandle        0x2000'9fb8     0x4  Data  Gb  freertos.o [2]
slideblock_L            0x2000'7320   0x19c  Data  Gb  zn_motor.o [4]
slideblock_R            0x2000'7184   0x19c  Data  Gb  zn_motor.o [4]
slideblock_loop          0x800'eda3    0x1c  Code  Gb  zn_SlideBlock_task.o [8]
slideblock_normal        0x800'edc1    0xc4  Code  Gb  zn_SlideBlock_task.o [8]
sqrtf                    0x800'4abd          Code  Gb  sqrtf.o [14]
stop_balance             0x800'dcd1    0x46  Code  Gb  zn_chassis_task.o [8]
stop_flag               0x2000'a080     0x4  Data  Gb  zn_chassis_task.o [8]
student_interactive_data_t
                        0x2000'94c8     0xc  Data  Gb  referee.o [7]
supply_projectile_action_t
                        0x2000'94a8     0x4  Data  Gb  referee.o [7]
supply_projectile_booking_t
                        0x2000'94ac     0x4  Data  Gb  referee.o [7]
t                       0x2000'9694     0x4  Data  Lc  ins.o [5]
total_angle_get          0x800'bdf5    0x6e  Code  Gb  zn_motor.o [4]
total_angle_get::pos_old
                        0x2000'8504     0x4  Data  Lc  zn_motor.o [4]
twoKi                   0x2000'04ec     0x4  Data  Gb  MahonyAHRS.o [5]
twoKp                   0x2000'04e8     0x4  Data  Gb  MahonyAHRS.o [5]
ucHeap                  0x2000'05a8  0x6000  Data  Lc  heap_4.o [11]
ucMaxSysCallPriority    0x2000'04fc     0x1  Data  Lc  port.o [11]
ulMaxPRIGROUPValue      0x2000'0504     0x4  Data  Lc  port.o [11]
ulTaskNotifyTake         0x800'1a9f    0x4a  Code  Gb  tasks.o [11]
usart1_tx_dma_init       0x800'862d    0x3e  Code  Gb  bsp_usart.o [3]
usart6_buf              0x2000'6634   0x400  Data  Gb  referee_usart_task.o [8]
usart6_init              0x800'866b    0x94  Code  Gb  bsp_usart.o [3]
uwTick                  0x2000'050c     0x4  Data  Gb  stm32f4xx_hal.o [10]
uwTickFreq              0x2000'0508     0x1  Data  Gb  stm32f4xx_hal.o [10]
uwTickPrio              0x2000'0510     0x4  Data  Gb  stm32f4xx_hal.o [10]
uxCriticalNesting       0x2000'0500     0x4  Data  Lc  port.o [11]
uxCurrentNumberOfTasks  0x2000'9250     0x4  Data  Lc  tasks.o [11]
uxDeletedTasksWaitingCleanUp
                        0x2000'9238     0x4  Data  Lc  tasks.o [11]
uxListRemove             0x800'1e57    0x26  Code  Gb  list.o [11]
uxSchedulerSuspended    0x2000'9274     0x4  Data  Lc  tasks.o [11]
uxTaskNumber            0x2000'926c     0x4  Data  Lc  tasks.o [11]
uxTopReadyPriority      0x2000'9258     0x4  Data  Lc  tasks.o [11]
vApplicationGetIdleTaskMemory
                         0x800'2045    0x10  Code  Gb  freertos.o [2]
vApplicationGetTimerTaskMemory
                         0x800'2055    0x12  Code  Gb  freertos.o [2]
vListInitialise          0x800'1deb    0x1a  Code  Gb  list.o [11]
vListInitialiseItem      0x800'1e05     0x6  Code  Gb  list.o [11]
vListInsert              0x800'1e25    0x32  Code  Gb  list.o [11]
vListInsertEnd           0x800'1e0b    0x1a  Code  Gb  list.o [11]
vPortEnableVFP           0x800'2639          Code  Gb  portasm.o [11]
vPortEnterCritical       0x800'1f61    0x32  Code  Gb  port.o [11]
vPortExitCritical        0x800'1f93    0x22  Code  Gb  port.o [11]
vPortFree                0x800'1d13    0x54  Code  Gb  heap_4.o [11]
vPortStartFirstTask      0x800'2619          Code  Gb  portasm.o [11]
vPortValidateInterruptPriority
                         0x800'1fdd    0x34  Code  Gb  port.o [11]
vQueueAddToRegistry      0x800'2beb    0x20  Code  Gb  queue.o [11]
vQueueWaitForMessageRestricted
                         0x800'2c15    0x48  Code  Gb  queue.o [11]
vTaskDelay               0x800'1435    0x2e  Code  Gb  tasks.o [11]
vTaskDelayUntil          0x800'13cd    0x68  Code  Gb  tasks.o [11]
vTaskDelete              0x800'1369    0x64  Code  Gb  tasks.o [11]
vTaskInternalSetTimeOutState
                         0x800'18bd     0xe  Code  Gb  tasks.o [11]
vTaskMissedYield         0x800'1943     0xa  Code  Gb  tasks.o [11]
vTaskNotifyGiveFromISR   0x800'1b11    0x7a  Code  Gb  tasks.o [11]
vTaskPlaceOnEventList    0x800'1807    0x20  Code  Gb  tasks.o [11]
vTaskPlaceOnEventListRestricted
                         0x800'182b    0x2a  Code  Gb  tasks.o [11]
vTaskStartScheduler      0x800'14b5    0x6c  Code  Gb  tasks.o [11]
vTaskSuspendAll          0x800'1529     0xc  Code  Gb  tasks.o [11]
vTaskSwitchContext       0x800'17b7    0x50  Code  Gb  tasks.o [11]
verify_CRC16_check_sum   0x800'ed27    0x38  Code  Gb  CRC8_CRC16.o [7]
verify_CRC8_check_sum    0x800'ecd3    0x26  Code  Gb  CRC8_CRC16.o [7]
voltage_vrefint_proportion
                        0x2000'0350     0x4  Data  Gb  bsp_adc.o [3]
wCRC_table               0x800'e304   0x200  Data  Gb  CRC8_CRC16.o [7]
write_BMI088_accel_reg_data_error
                        0x2000'0328    0x14  Data  Lc  BMI088driver.o [5]
write_BMI088_gyro_reg_data_error
                        0x2000'033c    0x14  Data  Lc  BMI088driver.o [5]
xActiveTimerList1       0x2000'8ea8    0x14  Data  Lc  timers.o [11]
xActiveTimerList2       0x2000'8ebc    0x14  Data  Lc  timers.o [11]
xBlockAllocatedBit      0x2000'05a4     0x4  Data  Lc  heap_4.o [11]
xDelayedTaskList1       0x2000'9278    0x14  Data  Lc  tasks.o [11]
xDelayedTaskList2       0x2000'928c    0x14  Data  Lc  tasks.o [11]
xFreeBytesRemaining     0x2000'0594     0x4  Data  Lc  heap_4.o [11]
xIdleStack              0x2000'7d6c   0x200  Data  Lc  freertos.o [2]
xIdleTaskTCBBuffer      0x2000'7d18    0x54  Data  Lc  freertos.o [2]
xMinimumEverFreeBytesRemaining
                        0x2000'0598     0x4  Data  Lc  heap_4.o [11]
xNextTaskUnblockTime    0x2000'9270     0x4  Data  Lc  tasks.o [11]
xNumOfOverflows         0x2000'9268     0x4  Data  Lc  tasks.o [11]
xNumberOfSuccessfulAllocations
                        0x2000'059c     0x4  Data  Lc  heap_4.o [11]
xNumberOfSuccessfulFrees
                        0x2000'05a0     0x4  Data  Lc  heap_4.o [11]
xPendedTicks            0x2000'9260     0x4  Data  Lc  tasks.o [11]
xPendingReadyList       0x2000'9204    0x14  Data  Lc  tasks.o [11]
xPortStartScheduler      0x800'1ec1    0xa0  Code  Gb  port.o [11]
xPortSysTickHandler      0x800'1fb5    0x26  Code  Gb  port.o [11]
xQueueGenericCreateStatic
                         0x800'274b    0x62  Code  Gb  queue.o [11]
xQueueGenericReset       0x800'26d9    0x72  Code  Gb  queue.o [11]
xQueueGenericSend        0x800'27c5   0x126  Code  Gb  queue.o [11]
xQueueGenericSendFromISR
                         0x800'28f3    0x8c  Code  Gb  queue.o [11]
xQueueReceive            0x800'2993   0x104  Code  Gb  queue.o [11]
xQueueRegistry          0x2000'9d80    0x40  Data  Gb  queue.o [11]
xSchedulerRunning       0x2000'925c     0x4  Data  Lc  tasks.o [11]
xStart                  0x2000'0588     0x8  Data  Lc  heap_4.o [11]
xSuspendedTaskList      0x2000'923c    0x14  Data  Lc  tasks.o [11]
xTaskCheckForTimeOut     0x800'18cb    0x78  Code  Gb  tasks.o [11]
xTaskCreate              0x800'11d7    0x5c  Code  Gb  tasks.o [11]
xTaskCreateStatic        0x800'1175    0x62  Code  Gb  tasks.o [11]
xTaskGetHandle           0x800'1665    0x76  Code  Gb  tasks.o [11]
xTaskGetSchedulerState   0x800'19d5    0x18  Code  Gb  tasks.o [11]
xTaskGetTickCount        0x800'15df     0x8  Code  Gb  tasks.o [11]
xTaskIncrementTick       0x800'16e3    0xc0  Code  Gb  tasks.o [11]
xTaskPriorityDisinherit
                         0x800'19ff    0x88  Code  Gb  tasks.o [11]
xTaskRemoveFromEventList
                         0x800'1861    0x52  Code  Gb  tasks.o [11]
xTaskResumeAll           0x800'1535    0x9a  Code  Gb  tasks.o [11]
xTasksWaitingTermination
                        0x2000'9218    0x14  Data  Lc  tasks.o [11]
xTickCount              0x2000'9254     0x4  Data  Lc  tasks.o [11]
xTimerCreateTimerTask    0x800'2215    0x54  Code  Gb  timers.o [11]
xTimerGenericCommand     0x800'227f    0x4e  Code  Gb  timers.o [11]
xTimerQueue             0x2000'8e9c     0x4  Data  Lc  timers.o [11]
xTimerStack             0x2000'7510   0x400  Data  Lc  freertos.o [2]
xTimerTaskHandle        0x2000'8ea0     0x4  Data  Lc  timers.o [11]
xTimerTaskTCBBuffer     0x2000'74bc    0x54  Data  Lc  freertos.o [2]
xYieldPending           0x2000'9264     0x4  Data  Lc  tasks.o [11]
xb                       0x800'6cd0     0xc  Data  Gb  ins.o [5]
yaw_motor               0x2000'8508   0x19c  Data  Gb  zn_motor.o [4]
yb                       0x800'6cdc     0xc  Data  Gb  ins.o [5]
zb                       0x800'6ce8     0xc  Data  Gb  ins.o [5]


[1] = E:\平衡步兵\hero_to_balance\hero_to_balance2023.11.1 (3508电机)\EWARM\standard_robot\Obj\Application\EWARM
[2] = E:\平衡步兵\hero_to_balance\hero_to_balance2023.11.1 (3508电机)\EWARM\standard_robot\Obj\Application\User
[3] = E:\平衡步兵\hero_to_balance\hero_to_balance2023.11.1 (3508电机)\EWARM\standard_robot\Obj\Bsp_board
[4] = E:\平衡步兵\hero_to_balance\hero_to_balance2023.11.1 (3508电机)\EWARM\standard_robot\Obj\Code
[5] = E:\平衡步兵\hero_to_balance\hero_to_balance2023.11.1 (3508电机)\EWARM\standard_robot\Obj\Code\IMU
[6] = E:\平衡步兵\hero_to_balance\hero_to_balance2023.11.1 (3508电机)\EWARM\standard_robot\Obj\Code\dispaly
[7] = E:\平衡步兵\hero_to_balance\hero_to_balance2023.11.1 (3508电机)\EWARM\standard_robot\Obj\Code\refree
[8] = E:\平衡步兵\hero_to_balance\hero_to_balance2023.11.1 (3508电机)\EWARM\standard_robot\Obj\Code\task
[9] = E:\平衡步兵\hero_to_balance\hero_to_balance2023.11.1 (3508电机)\EWARM\standard_robot\Obj\Drivers\CMSIS
[10] = E:\平衡步兵\hero_to_balance\hero_to_balance2023.11.1 (3508电机)\EWARM\standard_robot\Obj\Drivers\STM32F4xx_HAL_Driver
[11] = E:\平衡步兵\hero_to_balance\hero_to_balance2023.11.1 (3508电机)\EWARM\standard_robot\Obj\Middlewares\FreeRTOS
[12] = E:\平衡步兵\hero_to_balance\hero_to_balance2023.11.1 (3508电机)\EWARM\standard_robot\Obj\Middlewares\USB_Device_Library
[13] = dl7M_tlf.a
[14] = m7M_tls.a
[15] = rt7M_tl.a
[16] = shb_l.a

  62'836 bytes of readonly  code memory
   1'297 bytes of readonly  data memory
  57'501 bytes of readwrite data memory

Errors: 8
Warnings: none
